// Validating benchmarks:
// ***** BenchmarkRunner: Start   *****
// ***** Found 2 benchmark(s) in total *****
// ***** Building 1 exe(s) in Parallel: Start   *****
// start dotnet  restore --nodeReuse:false /p:UseSharedCompilation=false /p:Deterministic=true /p:Optimize=true /p:ArtifactsPath="C:\Users\jocvi\Documents\Collection-of-Folders\Programming\CSharp\HexGridGenerator\src\HexGrid.Benchmarks\bin\Release\net10.0-windows\HexGrid.Benchmarks-DefaultJob-1/" /p:OutDir="C:\Users\jocvi\Documents\Collection-of-Folders\Programming\CSharp\HexGridGenerator\src\HexGrid.Benchmarks\bin\Release\net10.0-windows\HexGrid.Benchmarks-DefaultJob-1\bin\Release\net10.0-Windows7.0/" /p:OutputPath="C:\Users\jocvi\Documents\Collection-of-Folders\Programming\CSharp\HexGridGenerator\src\HexGrid.Benchmarks\bin\Release\net10.0-windows\HexGrid.Benchmarks-DefaultJob-1\bin\Release\net10.0-Windows7.0/" /p:PublishDir="C:\Users\jocvi\Documents\Collection-of-Folders\Programming\CSharp\HexGridGenerator\src\HexGrid.Benchmarks\bin\Release\net10.0-windows\HexGrid.Benchmarks-DefaultJob-1\publish/" in C:\Users\jocvi\Documents\Collection-of-Folders\Programming\CSharp\HexGridGenerator\src\HexGrid.Benchmarks\bin\Release\net10.0-windows\HexGrid.Benchmarks-DefaultJob-1
// command took 3.17 sec and exited with 0
// start dotnet  build -c Release --no-restore --nodeReuse:false /p:UseSharedCompilation=false /p:Deterministic=true /p:Optimize=true /p:ArtifactsPath="C:\Users\jocvi\Documents\Collection-of-Folders\Programming\CSharp\HexGridGenerator\src\HexGrid.Benchmarks\bin\Release\net10.0-windows\HexGrid.Benchmarks-DefaultJob-1/" /p:OutDir="C:\Users\jocvi\Documents\Collection-of-Folders\Programming\CSharp\HexGridGenerator\src\HexGrid.Benchmarks\bin\Release\net10.0-windows\HexGrid.Benchmarks-DefaultJob-1\bin\Release\net10.0-Windows7.0/" /p:OutputPath="C:\Users\jocvi\Documents\Collection-of-Folders\Programming\CSharp\HexGridGenerator\src\HexGrid.Benchmarks\bin\Release\net10.0-windows\HexGrid.Benchmarks-DefaultJob-1\bin\Release\net10.0-Windows7.0/" /p:PublishDir="C:\Users\jocvi\Documents\Collection-of-Folders\Programming\CSharp\HexGridGenerator\src\HexGrid.Benchmarks\bin\Release\net10.0-windows\HexGrid.Benchmarks-DefaultJob-1\publish/" --output "C:\Users\jocvi\Documents\Collection-of-Folders\Programming\CSharp\HexGridGenerator\src\HexGrid.Benchmarks\bin\Release\net10.0-windows\HexGrid.Benchmarks-DefaultJob-1\bin\Release\net10.0-Windows7.0/" in C:\Users\jocvi\Documents\Collection-of-Folders\Programming\CSharp\HexGridGenerator\src\HexGrid.Benchmarks\bin\Release\net10.0-windows\HexGrid.Benchmarks-DefaultJob-1
// command took 23.17 sec and exited with 0
// ***** Done, took 00:00:26 (26.53 sec)   *****
// Found 2 benchmarks:
//   FitAdvisorBenchmarks.RecommendFit: DefaultJob [Mode=AutoFitRowsColumns]
//   FitAdvisorBenchmarks.RecommendFit: DefaultJob [Mode=FixedHexWidth]

Setup power plan (GUID: 8c5e7fda-e8bf-4a96-9a85-a6e23a8c635c FriendlyName: High performance)
// **************************
// Benchmark: FitAdvisorBenchmarks.RecommendFit: DefaultJob [Mode=AutoFitRowsColumns]
// *** Execute ***
// Launch: 1 / 1
// Execute: dotnet HexGrid.Benchmarks-DefaultJob-1.dll --anonymousPipes 2248 2240 --benchmarkName "HexGrid.Benchmarks.FitAdvisorBenchmarks.RecommendFit(Mode: AutoFitRowsColumns)" --job Default --benchmarkId 0 in C:\Users\jocvi\Documents\Collection-of-Folders\Programming\CSharp\HexGridGenerator\src\HexGrid.Benchmarks\bin\Release\net10.0-windows\HexGrid.Benchmarks-DefaultJob-1\bin\Release\net10.0-Windows7.0
// BeforeAnythingElse

// Benchmark Process Environment Information:
// BenchmarkDotNet v0.15.8
// Runtime=.NET 10.0.12 (10.0.12, 10.0.1226.42308), X64 RyuJIT x86-64-v3
// GC=Concurrent Workstation
// HardwareIntrinsics=AVX2+BMI1+BMI2+F16C+FMA+LZCNT+MOVBE,AVX,SSE3+SSSE3+SSE4.1+SSE4.2+POPCNT,X86Base+SSE+SSE2,AES+PCLMUL,AvxVnni,SERIALIZE VectorSize=256
// Job: DefaultJob

OverheadJitting  1: 1 op, 273000.00 ns, 273.0000 us/op
WorkloadJitting  1: 1 op, 3616900.00 ns, 3.6169 ms/op

OverheadJitting  2: 16 op, 321800.00 ns, 20.1125 us/op
WorkloadJitting  2: 16 op, 18258200.00 ns, 1.1411 ms/op

WorkloadPilot    1: 16 op, 18096600.00 ns, 1.1310 ms/op
WorkloadPilot    2: 32 op, 36089100.00 ns, 1.1278 ms/op
WorkloadPilot    3: 64 op, 74318000.00 ns, 1.1612 ms/op
WorkloadPilot    4: 128 op, 24781600.00 ns, 193.6063 us/op
WorkloadPilot    5: 256 op, 12885000.00 ns, 50.3320 us/op
WorkloadPilot    6: 512 op, 20016300.00 ns, 39.0943 us/op
WorkloadPilot    7: 1024 op, 38605700.00 ns, 37.7009 us/op
WorkloadPilot    8: 2048 op, 81854200.00 ns, 39.9679 us/op
WorkloadPilot    9: 4096 op, 173549600.00 ns, 42.3705 us/op
WorkloadPilot   10: 8192 op, 339422100.00 ns, 41.4334 us/op
WorkloadPilot   11: 16384 op, 744303100.00 ns, 45.4287 us/op

OverheadWarmup   1: 16384 op, 51000.00 ns, 3.1128 ns/op
OverheadWarmup   2: 16384 op, 49100.00 ns, 2.9968 ns/op
OverheadWarmup   3: 16384 op, 49000.00 ns, 2.9907 ns/op
OverheadWarmup   4: 16384 op, 48900.00 ns, 2.9846 ns/op
OverheadWarmup   5: 16384 op, 50300.00 ns, 3.0701 ns/op
OverheadWarmup   6: 16384 op, 48900.00 ns, 2.9846 ns/op
OverheadWarmup   7: 16384 op, 49400.00 ns, 3.0151 ns/op
OverheadWarmup   8: 16384 op, 49200.00 ns, 3.0029 ns/op

OverheadActual   1: 16384 op, 52600.00 ns, 3.2104 ns/op
OverheadActual   2: 16384 op, 55100.00 ns, 3.3630 ns/op
OverheadActual   3: 16384 op, 51800.00 ns, 3.1616 ns/op
OverheadActual   4: 16384 op, 51500.00 ns, 3.1433 ns/op
OverheadActual   5: 16384 op, 52400.00 ns, 3.1982 ns/op
OverheadActual   6: 16384 op, 51100.00 ns, 3.1189 ns/op
OverheadActual   7: 16384 op, 50700.00 ns, 3.0945 ns/op
OverheadActual   8: 16384 op, 51000.00 ns, 3.1128 ns/op
OverheadActual   9: 16384 op, 51800.00 ns, 3.1616 ns/op
OverheadActual  10: 16384 op, 50800.00 ns, 3.1006 ns/op
OverheadActual  11: 16384 op, 51000.00 ns, 3.1128 ns/op
OverheadActual  12: 16384 op, 51200.00 ns, 3.1250 ns/op
OverheadActual  13: 16384 op, 52300.00 ns, 3.1921 ns/op
OverheadActual  14: 16384 op, 86200.00 ns, 5.2612 ns/op
OverheadActual  15: 16384 op, 51400.00 ns, 3.1372 ns/op

WorkloadWarmup   1: 16384 op, 715299200.00 ns, 43.6584 us/op
WorkloadWarmup   2: 16384 op, 730861200.00 ns, 44.6082 us/op
WorkloadWarmup   3: 16384 op, 615017100.00 ns, 37.5377 us/op
WorkloadWarmup   4: 16384 op, 668381900.00 ns, 40.7948 us/op
WorkloadWarmup   5: 16384 op, 678692700.00 ns, 41.4241 us/op
WorkloadWarmup   6: 16384 op, 635607700.00 ns, 38.7944 us/op

// BeforeActualRun
WorkloadActual   1: 16384 op, 737536300.00 ns, 45.0156 us/op
WorkloadActual   2: 16384 op, 799063200.00 ns, 48.7709 us/op
WorkloadActual   3: 16384 op, 766564100.00 ns, 46.7874 us/op
WorkloadActual   4: 16384 op, 543639900.00 ns, 33.1811 us/op
WorkloadActual   5: 16384 op, 555658000.00 ns, 33.9147 us/op
WorkloadActual   6: 16384 op, 537368500.00 ns, 32.7984 us/op
WorkloadActual   7: 16384 op, 517919000.00 ns, 31.6113 us/op
WorkloadActual   8: 16384 op, 602050600.00 ns, 36.7463 us/op
WorkloadActual   9: 16384 op, 938419900.00 ns, 57.2766 us/op
WorkloadActual  10: 16384 op, 967863900.00 ns, 59.0737 us/op
WorkloadActual  11: 16384 op, 889212800.00 ns, 54.2732 us/op
WorkloadActual  12: 16384 op, 1025353100.00 ns, 62.5826 us/op
WorkloadActual  13: 16384 op, 988168200.00 ns, 60.3130 us/op
WorkloadActual  14: 16384 op, 951799800.00 ns, 58.0932 us/op
WorkloadActual  15: 16384 op, 919622700.00 ns, 56.1293 us/op
WorkloadActual  16: 16384 op, 781169200.00 ns, 47.6788 us/op
WorkloadActual  17: 16384 op, 775487600.00 ns, 47.3320 us/op
WorkloadActual  18: 16384 op, 811425400.00 ns, 49.5255 us/op
WorkloadActual  19: 16384 op, 889483000.00 ns, 54.2897 us/op
WorkloadActual  20: 16384 op, 776014900.00 ns, 47.3642 us/op
WorkloadActual  21: 16384 op, 660579200.00 ns, 40.3186 us/op
WorkloadActual  22: 16384 op, 567745300.00 ns, 34.6524 us/op
WorkloadActual  23: 16384 op, 593751700.00 ns, 36.2397 us/op
WorkloadActual  24: 16384 op, 740568600.00 ns, 45.2007 us/op
WorkloadActual  25: 16384 op, 815523100.00 ns, 49.7756 us/op
WorkloadActual  26: 16384 op, 921982900.00 ns, 56.2734 us/op
WorkloadActual  27: 16384 op, 801251000.00 ns, 48.9045 us/op
WorkloadActual  28: 16384 op, 796078300.00 ns, 48.5888 us/op
WorkloadActual  29: 16384 op, 820880300.00 ns, 50.1026 us/op
WorkloadActual  30: 16384 op, 842176200.00 ns, 51.4024 us/op
WorkloadActual  31: 16384 op, 902912200.00 ns, 55.1094 us/op
WorkloadActual  32: 16384 op, 926122400.00 ns, 56.5260 us/op
WorkloadActual  33: 16384 op, 1010928200.00 ns, 61.7022 us/op
WorkloadActual  34: 16384 op, 1007337600.00 ns, 61.4830 us/op
WorkloadActual  35: 16384 op, 910250300.00 ns, 55.5573 us/op
WorkloadActual  36: 16384 op, 916245200.00 ns, 55.9232 us/op
WorkloadActual  37: 16384 op, 965885000.00 ns, 58.9529 us/op
WorkloadActual  38: 16384 op, 1031491800.00 ns, 62.9573 us/op
WorkloadActual  39: 16384 op, 1078189000.00 ns, 65.8074 us/op
WorkloadActual  40: 16384 op, 831859800.00 ns, 50.7727 us/op
WorkloadActual  41: 16384 op, 708272600.00 ns, 43.2295 us/op
WorkloadActual  42: 16384 op, 784881300.00 ns, 47.9054 us/op
WorkloadActual  43: 16384 op, 817703500.00 ns, 49.9087 us/op
WorkloadActual  44: 16384 op, 683029700.00 ns, 41.6888 us/op
WorkloadActual  45: 16384 op, 677459800.00 ns, 41.3489 us/op
WorkloadActual  46: 16384 op, 740712600.00 ns, 45.2095 us/op
WorkloadActual  47: 16384 op, 807305100.00 ns, 49.2740 us/op
WorkloadActual  48: 16384 op, 641153600.00 ns, 39.1329 us/op
WorkloadActual  49: 16384 op, 621821800.00 ns, 37.9530 us/op
WorkloadActual  50: 16384 op, 590767500.00 ns, 36.0576 us/op
WorkloadActual  51: 16384 op, 704388600.00 ns, 42.9925 us/op
WorkloadActual  52: 16384 op, 579672700.00 ns, 35.3804 us/op
WorkloadActual  53: 16384 op, 608409400.00 ns, 37.1344 us/op
WorkloadActual  54: 16384 op, 571652000.00 ns, 34.8909 us/op
WorkloadActual  55: 16384 op, 608338400.00 ns, 37.1300 us/op
WorkloadActual  56: 16384 op, 665722300.00 ns, 40.6325 us/op
WorkloadActual  57: 16384 op, 633589700.00 ns, 38.6712 us/op
WorkloadActual  58: 16384 op, 582804800.00 ns, 35.5716 us/op
WorkloadActual  59: 16384 op, 616311200.00 ns, 37.6167 us/op
WorkloadActual  60: 16384 op, 561263800.00 ns, 34.2568 us/op
WorkloadActual  61: 16384 op, 646472100.00 ns, 39.4575 us/op
WorkloadActual  62: 16384 op, 605033700.00 ns, 36.9283 us/op
WorkloadActual  63: 16384 op, 652867900.00 ns, 39.8479 us/op
WorkloadActual  64: 16384 op, 609925400.00 ns, 37.2269 us/op
WorkloadActual  65: 16384 op, 744563400.00 ns, 45.4445 us/op
WorkloadActual  66: 16384 op, 653720200.00 ns, 39.8999 us/op
WorkloadActual  67: 16384 op, 574535900.00 ns, 35.0669 us/op
WorkloadActual  68: 16384 op, 548742900.00 ns, 33.4926 us/op
WorkloadActual  69: 16384 op, 562007600.00 ns, 34.3022 us/op
WorkloadActual  70: 16384 op, 540191100.00 ns, 32.9706 us/op
WorkloadActual  71: 16384 op, 580566300.00 ns, 35.4350 us/op
WorkloadActual  72: 16384 op, 561526400.00 ns, 34.2729 us/op
WorkloadActual  73: 16384 op, 559746100.00 ns, 34.1642 us/op
WorkloadActual  74: 16384 op, 584270300.00 ns, 35.6610 us/op
WorkloadActual  75: 16384 op, 600916300.00 ns, 36.6770 us/op
WorkloadActual  76: 16384 op, 624247300.00 ns, 38.1010 us/op
WorkloadActual  77: 16384 op, 581626200.00 ns, 35.4996 us/op
WorkloadActual  78: 16384 op, 625025900.00 ns, 38.1486 us/op
WorkloadActual  79: 16384 op, 629476800.00 ns, 38.4202 us/op
WorkloadActual  80: 16384 op, 657057700.00 ns, 40.1036 us/op
WorkloadActual  81: 16384 op, 575553700.00 ns, 35.1290 us/op
WorkloadActual  82: 16384 op, 637077900.00 ns, 38.8841 us/op
WorkloadActual  83: 16384 op, 597960100.00 ns, 36.4966 us/op
WorkloadActual  84: 16384 op, 570594500.00 ns, 34.8263 us/op
WorkloadActual  85: 16384 op, 587118200.00 ns, 35.8349 us/op
WorkloadActual  86: 16384 op, 719697600.00 ns, 43.9269 us/op
WorkloadActual  87: 16384 op, 795266100.00 ns, 48.5392 us/op
WorkloadActual  88: 16384 op, 798347000.00 ns, 48.7272 us/op
WorkloadActual  89: 16384 op, 850305900.00 ns, 51.8986 us/op
WorkloadActual  90: 16384 op, 910495900.00 ns, 55.5723 us/op
WorkloadActual  91: 16384 op, 928742000.00 ns, 56.6859 us/op
WorkloadActual  92: 16384 op, 902801200.00 ns, 55.1026 us/op
WorkloadActual  93: 16384 op, 656911100.00 ns, 40.0947 us/op
WorkloadActual  94: 16384 op, 579236500.00 ns, 35.3538 us/op
WorkloadActual  95: 16384 op, 575629300.00 ns, 35.1336 us/op
WorkloadActual  96: 16384 op, 544500400.00 ns, 33.2337 us/op
WorkloadActual  97: 16384 op, 569317400.00 ns, 34.7484 us/op
WorkloadActual  98: 16384 op, 729756700.00 ns, 44.5408 us/op
WorkloadActual  99: 16384 op, 651002900.00 ns, 39.7341 us/op
WorkloadActual  100: 16384 op, 499102500.00 ns, 30.4628 us/op

// AfterActualRun
WorkloadResult   1: 16384 op, 737484800.00 ns, 45.0125 us/op
WorkloadResult   2: 16384 op, 799011700.00 ns, 48.7678 us/op
WorkloadResult   3: 16384 op, 766512600.00 ns, 46.7842 us/op
WorkloadResult   4: 16384 op, 543588400.00 ns, 33.1780 us/op
WorkloadResult   5: 16384 op, 555606500.00 ns, 33.9115 us/op
WorkloadResult   6: 16384 op, 537317000.00 ns, 32.7952 us/op
WorkloadResult   7: 16384 op, 517867500.00 ns, 31.6081 us/op
WorkloadResult   8: 16384 op, 601999100.00 ns, 36.7431 us/op
WorkloadResult   9: 16384 op, 938368400.00 ns, 57.2735 us/op
WorkloadResult  10: 16384 op, 967812400.00 ns, 59.0706 us/op
WorkloadResult  11: 16384 op, 889161300.00 ns, 54.2701 us/op
WorkloadResult  12: 16384 op, 1025301600.00 ns, 62.5794 us/op
WorkloadResult  13: 16384 op, 988116700.00 ns, 60.3099 us/op
WorkloadResult  14: 16384 op, 951748300.00 ns, 58.0901 us/op
WorkloadResult  15: 16384 op, 919571200.00 ns, 56.1262 us/op
WorkloadResult  16: 16384 op, 781117700.00 ns, 47.6756 us/op
WorkloadResult  17: 16384 op, 775436100.00 ns, 47.3289 us/op
WorkloadResult  18: 16384 op, 811373900.00 ns, 49.5223 us/op
WorkloadResult  19: 16384 op, 889431500.00 ns, 54.2866 us/op
WorkloadResult  20: 16384 op, 775963400.00 ns, 47.3610 us/op
WorkloadResult  21: 16384 op, 660527700.00 ns, 40.3154 us/op
WorkloadResult  22: 16384 op, 567693800.00 ns, 34.6493 us/op
WorkloadResult  23: 16384 op, 593700200.00 ns, 36.2366 us/op
WorkloadResult  24: 16384 op, 740517100.00 ns, 45.1976 us/op
WorkloadResult  25: 16384 op, 815471600.00 ns, 49.7724 us/op
WorkloadResult  26: 16384 op, 921931400.00 ns, 56.2702 us/op
WorkloadResult  27: 16384 op, 801199500.00 ns, 48.9013 us/op
WorkloadResult  28: 16384 op, 796026800.00 ns, 48.5856 us/op
WorkloadResult  29: 16384 op, 820828800.00 ns, 50.0994 us/op
WorkloadResult  30: 16384 op, 842124700.00 ns, 51.3992 us/op
WorkloadResult  31: 16384 op, 902860700.00 ns, 55.1062 us/op
WorkloadResult  32: 16384 op, 926070900.00 ns, 56.5229 us/op
WorkloadResult  33: 16384 op, 1010876700.00 ns, 61.6990 us/op
WorkloadResult  34: 16384 op, 1007286100.00 ns, 61.4799 us/op
WorkloadResult  35: 16384 op, 910198800.00 ns, 55.5541 us/op
WorkloadResult  36: 16384 op, 916193700.00 ns, 55.9200 us/op
WorkloadResult  37: 16384 op, 965833500.00 ns, 58.9498 us/op
WorkloadResult  38: 16384 op, 1031440300.00 ns, 62.9541 us/op
WorkloadResult  39: 16384 op, 1078137500.00 ns, 65.8043 us/op
WorkloadResult  40: 16384 op, 831808300.00 ns, 50.7695 us/op
WorkloadResult  41: 16384 op, 708221100.00 ns, 43.2264 us/op
WorkloadResult  42: 16384 op, 784829800.00 ns, 47.9022 us/op
WorkloadResult  43: 16384 op, 817652000.00 ns, 49.9055 us/op
WorkloadResult  44: 16384 op, 682978200.00 ns, 41.6857 us/op
WorkloadResult  45: 16384 op, 677408300.00 ns, 41.3457 us/op
WorkloadResult  46: 16384 op, 740661100.00 ns, 45.2064 us/op
WorkloadResult  47: 16384 op, 807253600.00 ns, 49.2708 us/op
WorkloadResult  48: 16384 op, 641102100.00 ns, 39.1298 us/op
WorkloadResult  49: 16384 op, 621770300.00 ns, 37.9498 us/op
WorkloadResult  50: 16384 op, 590716000.00 ns, 36.0544 us/op
WorkloadResult  51: 16384 op, 704337100.00 ns, 42.9893 us/op
WorkloadResult  52: 16384 op, 579621200.00 ns, 35.3773 us/op
WorkloadResult  53: 16384 op, 608357900.00 ns, 37.1312 us/op
WorkloadResult  54: 16384 op, 571600500.00 ns, 34.8877 us/op
WorkloadResult  55: 16384 op, 608286900.00 ns, 37.1269 us/op
WorkloadResult  56: 16384 op, 665670800.00 ns, 40.6293 us/op
WorkloadResult  57: 16384 op, 633538200.00 ns, 38.6681 us/op
WorkloadResult  58: 16384 op, 582753300.00 ns, 35.5684 us/op
WorkloadResult  59: 16384 op, 616259700.00 ns, 37.6135 us/op
WorkloadResult  60: 16384 op, 561212300.00 ns, 34.2537 us/op
WorkloadResult  61: 16384 op, 646420600.00 ns, 39.4544 us/op
WorkloadResult  62: 16384 op, 604982200.00 ns, 36.9252 us/op
WorkloadResult  63: 16384 op, 652816400.00 ns, 39.8448 us/op
WorkloadResult  64: 16384 op, 609873900.00 ns, 37.2237 us/op
WorkloadResult  65: 16384 op, 744511900.00 ns, 45.4414 us/op
WorkloadResult  66: 16384 op, 653668700.00 ns, 39.8968 us/op
WorkloadResult  67: 16384 op, 574484400.00 ns, 35.0637 us/op
WorkloadResult  68: 16384 op, 548691400.00 ns, 33.4895 us/op
WorkloadResult  69: 16384 op, 561956100.00 ns, 34.2991 us/op
WorkloadResult  70: 16384 op, 540139600.00 ns, 32.9675 us/op
WorkloadResult  71: 16384 op, 580514800.00 ns, 35.4318 us/op
WorkloadResult  72: 16384 op, 561474900.00 ns, 34.2697 us/op
WorkloadResult  73: 16384 op, 559694600.00 ns, 34.1610 us/op
WorkloadResult  74: 16384 op, 584218800.00 ns, 35.6579 us/op
WorkloadResult  75: 16384 op, 600864800.00 ns, 36.6739 us/op
WorkloadResult  76: 16384 op, 624195800.00 ns, 38.0979 us/op
WorkloadResult  77: 16384 op, 581574700.00 ns, 35.4965 us/op
WorkloadResult  78: 16384 op, 624974400.00 ns, 38.1454 us/op
WorkloadResult  79: 16384 op, 629425300.00 ns, 38.4171 us/op
WorkloadResult  80: 16384 op, 657006200.00 ns, 40.1005 us/op
WorkloadResult  81: 16384 op, 575502200.00 ns, 35.1259 us/op
WorkloadResult  82: 16384 op, 637026400.00 ns, 38.8810 us/op
WorkloadResult  83: 16384 op, 597908600.00 ns, 36.4934 us/op
WorkloadResult  84: 16384 op, 570543000.00 ns, 34.8232 us/op
WorkloadResult  85: 16384 op, 587066700.00 ns, 35.8317 us/op
WorkloadResult  86: 16384 op, 719646100.00 ns, 43.9237 us/op
WorkloadResult  87: 16384 op, 795214600.00 ns, 48.5360 us/op
WorkloadResult  88: 16384 op, 798295500.00 ns, 48.7241 us/op
WorkloadResult  89: 16384 op, 850254400.00 ns, 51.8954 us/op
WorkloadResult  90: 16384 op, 910444400.00 ns, 55.5691 us/op
WorkloadResult  91: 16384 op, 928690500.00 ns, 56.6828 us/op
WorkloadResult  92: 16384 op, 902749700.00 ns, 55.0995 us/op
WorkloadResult  93: 16384 op, 656859600.00 ns, 40.0915 us/op
WorkloadResult  94: 16384 op, 579185000.00 ns, 35.3506 us/op
WorkloadResult  95: 16384 op, 575577800.00 ns, 35.1305 us/op
WorkloadResult  96: 16384 op, 544448900.00 ns, 33.2305 us/op
WorkloadResult  97: 16384 op, 569265900.00 ns, 34.7452 us/op
WorkloadResult  98: 16384 op, 729705200.00 ns, 44.5377 us/op
WorkloadResult  99: 16384 op, 650951400.00 ns, 39.7309 us/op
WorkloadResult  100: 16384 op, 499051000.00 ns, 30.4597 us/op
// GC:  82 0 0 1290272768 16384
// Threading:  0 0 16384

// AfterAll
// Benchmark Process 48608 has exited with code 0.

Mean = 43.907 μs, StdErr = 0.912 μs (2.08%), N = 100, StdDev = 9.123 μs
Min = 30.460 μs, Q1 = 35.788 μs, Median = 40.472 μs, Q3 = 49.954 μs, Max = 65.804 μs
IQR = 14.166 μs, LowerFence = 14.540 μs, UpperFence = 71.203 μs
ConfidenceInterval = [40.813 μs; 47.001 μs] (CI 99.9%), Margin = 3.094 μs (7.05% of Mean)
Skewness = 0.56, Kurtosis = 2.08, MValue = 2.97

// ** Remained 1 (50.0 %) benchmark(s) to run. Estimated finish 2026-10-02 19:10 (0h 1m from now) **
Setup power plan (GUID: 8c5e7fda-e8bf-4a96-9a85-a6e23a8c635c FriendlyName: High performance)
// **************************
// Benchmark: FitAdvisorBenchmarks.RecommendFit: DefaultJob [Mode=FixedHexWidth]
// *** Execute ***
// Launch: 1 / 1
// Execute: dotnet HexGrid.Benchmarks-DefaultJob-1.dll --anonymousPipes 1272 2252 --benchmarkName "HexGrid.Benchmarks.FitAdvisorBenchmarks.RecommendFit(Mode: FixedHexWidth)" --job Default --benchmarkId 1 in C:\Users\jocvi\Documents\Collection-of-Folders\Programming\CSharp\HexGridGenerator\src\HexGrid.Benchmarks\bin\Release\net10.0-windows\HexGrid.Benchmarks-DefaultJob-1\bin\Release\net10.0-Windows7.0
// BeforeAnythingElse

// Benchmark Process Environment Information:
// BenchmarkDotNet v0.15.8
// Runtime=.NET 10.0.12 (10.0.12, 10.0.1226.42308), X64 RyuJIT x86-64-v3
// GC=Concurrent Workstation
// HardwareIntrinsics=AVX2+BMI1+BMI2+F16C+FMA+LZCNT+MOVBE,AVX,SSE3+SSSE3+SSE4.1+SSE4.2+POPCNT,X86Base+SSE+SSE2,AES+PCLMUL,AvxVnni,SERIALIZE VectorSize=256
// Job: DefaultJob

OverheadJitting  1: 1 op, 261500.00 ns, 261.5000 us/op
WorkloadJitting  1: 1 op, 3881400.00 ns, 3.8814 ms/op

OverheadJitting  2: 16 op, 378400.00 ns, 23.6500 us/op
WorkloadJitting  2: 16 op, 18369100.00 ns, 1.1481 ms/op

WorkloadPilot    1: 16 op, 19539100.00 ns, 1.2212 ms/op
WorkloadPilot    2: 32 op, 31882300.00 ns, 996.3219 us/op
WorkloadPilot    3: 64 op, 69492700.00 ns, 1.0858 ms/op
WorkloadPilot    4: 128 op, 119222900.00 ns, 931.4289 us/op
WorkloadPilot    5: 256 op, 28820800.00 ns, 112.5813 us/op
WorkloadPilot    6: 512 op, 20085200.00 ns, 39.2289 us/op
WorkloadPilot    7: 1024 op, 34314900.00 ns, 33.5106 us/op
WorkloadPilot    8: 2048 op, 71429000.00 ns, 34.8774 us/op
WorkloadPilot    9: 4096 op, 139940300.00 ns, 34.1651 us/op
WorkloadPilot   10: 8192 op, 277255300.00 ns, 33.8446 us/op
WorkloadPilot   11: 16384 op, 583901200.00 ns, 35.6385 us/op

OverheadWarmup   1: 16384 op, 49200.00 ns, 3.0029 ns/op
OverheadWarmup   2: 16384 op, 52200.00 ns, 3.1860 ns/op
OverheadWarmup   3: 16384 op, 47500.00 ns, 2.8992 ns/op
OverheadWarmup   4: 16384 op, 47200.00 ns, 2.8809 ns/op
OverheadWarmup   5: 16384 op, 47800.00 ns, 2.9175 ns/op
OverheadWarmup   6: 16384 op, 47100.00 ns, 2.8748 ns/op

OverheadActual   1: 16384 op, 45700.00 ns, 2.7893 ns/op
OverheadActual   2: 16384 op, 46000.00 ns, 2.8076 ns/op
OverheadActual   3: 16384 op, 84600.00 ns, 5.1636 ns/op
OverheadActual   4: 16384 op, 46500.00 ns, 2.8381 ns/op
OverheadActual   5: 16384 op, 44600.00 ns, 2.7222 ns/op
OverheadActual   6: 16384 op, 44100.00 ns, 2.6917 ns/op
OverheadActual   7: 16384 op, 46300.00 ns, 2.8259 ns/op
OverheadActual   8: 16384 op, 43800.00 ns, 2.6733 ns/op
OverheadActual   9: 16384 op, 44100.00 ns, 2.6917 ns/op
OverheadActual  10: 16384 op, 43700.00 ns, 2.6672 ns/op
OverheadActual  11: 16384 op, 54800.00 ns, 3.3447 ns/op
OverheadActual  12: 16384 op, 43700.00 ns, 2.6672 ns/op
OverheadActual  13: 16384 op, 43900.00 ns, 2.6794 ns/op
OverheadActual  14: 16384 op, 43900.00 ns, 2.6794 ns/op
OverheadActual  15: 16384 op, 45300.00 ns, 2.7649 ns/op

WorkloadWarmup   1: 16384 op, 692962600.00 ns, 42.2951 us/op
WorkloadWarmup   2: 16384 op, 754594400.00 ns, 46.0568 us/op
WorkloadWarmup   3: 16384 op, 724802800.00 ns, 44.2385 us/op
WorkloadWarmup   4: 16384 op, 694188000.00 ns, 42.3699 us/op
WorkloadWarmup   5: 16384 op, 765541400.00 ns, 46.7249 us/op
WorkloadWarmup   6: 16384 op, 688362100.00 ns, 42.0143 us/op

// BeforeActualRun
WorkloadActual   1: 16384 op, 636897000.00 ns, 38.8731 us/op
WorkloadActual   2: 16384 op, 596366800.00 ns, 36.3993 us/op
WorkloadActual   3: 16384 op, 516432000.00 ns, 31.5205 us/op
WorkloadActual   4: 16384 op, 530169900.00 ns, 32.3590 us/op
WorkloadActual   5: 16384 op, 535489400.00 ns, 32.6837 us/op
WorkloadActual   6: 16384 op, 519876400.00 ns, 31.7307 us/op
WorkloadActual   7: 16384 op, 494681400.00 ns, 30.1930 us/op
WorkloadActual   8: 16384 op, 553820300.00 ns, 33.8025 us/op
WorkloadActual   9: 16384 op, 615063900.00 ns, 37.5405 us/op
WorkloadActual  10: 16384 op, 691980500.00 ns, 42.2351 us/op
WorkloadActual  11: 16384 op, 579520100.00 ns, 35.3711 us/op
WorkloadActual  12: 16384 op, 602905900.00 ns, 36.7985 us/op
WorkloadActual  13: 16384 op, 603477500.00 ns, 36.8333 us/op
WorkloadActual  14: 16384 op, 579835000.00 ns, 35.3903 us/op
WorkloadActual  15: 16384 op, 549390100.00 ns, 33.5321 us/op
WorkloadActual  16: 16384 op, 605842000.00 ns, 36.9777 us/op
WorkloadActual  17: 16384 op, 553782300.00 ns, 33.8002 us/op
WorkloadActual  18: 16384 op, 525861400.00 ns, 32.0960 us/op
WorkloadActual  19: 16384 op, 613283300.00 ns, 37.4318 us/op
WorkloadActual  20: 16384 op, 638476400.00 ns, 38.9695 us/op
WorkloadActual  21: 16384 op, 550379000.00 ns, 33.5925 us/op
WorkloadActual  22: 16384 op, 512490100.00 ns, 31.2799 us/op
WorkloadActual  23: 16384 op, 570188500.00 ns, 34.8015 us/op
WorkloadActual  24: 16384 op, 502714200.00 ns, 30.6832 us/op
WorkloadActual  25: 16384 op, 517907500.00 ns, 31.6106 us/op
WorkloadActual  26: 16384 op, 501201000.00 ns, 30.5909 us/op
WorkloadActual  27: 16384 op, 563686800.00 ns, 34.4047 us/op
WorkloadActual  28: 16384 op, 562857000.00 ns, 34.3541 us/op
WorkloadActual  29: 16384 op, 701846100.00 ns, 42.8373 us/op
WorkloadActual  30: 16384 op, 718166500.00 ns, 43.8334 us/op
WorkloadActual  31: 16384 op, 589523100.00 ns, 35.9816 us/op
WorkloadActual  32: 16384 op, 556812600.00 ns, 33.9851 us/op
WorkloadActual  33: 16384 op, 497058300.00 ns, 30.3380 us/op
WorkloadActual  34: 16384 op, 513176400.00 ns, 31.3218 us/op
WorkloadActual  35: 16384 op, 556911700.00 ns, 33.9912 us/op
WorkloadActual  36: 16384 op, 567661500.00 ns, 34.6473 us/op
WorkloadActual  37: 16384 op, 631775700.00 ns, 38.5605 us/op
WorkloadActual  38: 16384 op, 508700000.00 ns, 31.0486 us/op
WorkloadActual  39: 16384 op, 565233000.00 ns, 34.4991 us/op
WorkloadActual  40: 16384 op, 654543500.00 ns, 39.9502 us/op
WorkloadActual  41: 16384 op, 686546700.00 ns, 41.9035 us/op
WorkloadActual  42: 16384 op, 631442300.00 ns, 38.5402 us/op
WorkloadActual  43: 16384 op, 572732700.00 ns, 34.9568 us/op
WorkloadActual  44: 16384 op, 535942100.00 ns, 32.7113 us/op
WorkloadActual  45: 16384 op, 542800800.00 ns, 33.1299 us/op
WorkloadActual  46: 16384 op, 597296000.00 ns, 36.4561 us/op
WorkloadActual  47: 16384 op, 492246900.00 ns, 30.0444 us/op
WorkloadActual  48: 16384 op, 522612400.00 ns, 31.8977 us/op
WorkloadActual  49: 16384 op, 524886600.00 ns, 32.0365 us/op
WorkloadActual  50: 16384 op, 606528000.00 ns, 37.0195 us/op
WorkloadActual  51: 16384 op, 651680100.00 ns, 39.7754 us/op
WorkloadActual  52: 16384 op, 575312800.00 ns, 35.1143 us/op
WorkloadActual  53: 16384 op, 501283700.00 ns, 30.5959 us/op
WorkloadActual  54: 16384 op, 500261700.00 ns, 30.5336 us/op
WorkloadActual  55: 16384 op, 464567400.00 ns, 28.3549 us/op
WorkloadActual  56: 16384 op, 454491800.00 ns, 27.7400 us/op
WorkloadActual  57: 16384 op, 524136900.00 ns, 31.9908 us/op
WorkloadActual  58: 16384 op, 500567000.00 ns, 30.5522 us/op
WorkloadActual  59: 16384 op, 552299500.00 ns, 33.7097 us/op
WorkloadActual  60: 16384 op, 498534800.00 ns, 30.4281 us/op
WorkloadActual  61: 16384 op, 511048800.00 ns, 31.1919 us/op
WorkloadActual  62: 16384 op, 559594300.00 ns, 34.1549 us/op
WorkloadActual  63: 16384 op, 589758900.00 ns, 35.9960 us/op
WorkloadActual  64: 16384 op, 473158700.00 ns, 28.8793 us/op
WorkloadActual  65: 16384 op, 478779300.00 ns, 29.2224 us/op
WorkloadActual  66: 16384 op, 455267600.00 ns, 27.7873 us/op
WorkloadActual  67: 16384 op, 491571500.00 ns, 30.0031 us/op
WorkloadActual  68: 16384 op, 451007300.00 ns, 27.5273 us/op
WorkloadActual  69: 16384 op, 523371400.00 ns, 31.9441 us/op
WorkloadActual  70: 16384 op, 514213900.00 ns, 31.3851 us/op
WorkloadActual  71: 16384 op, 575383700.00 ns, 35.1186 us/op
WorkloadActual  72: 16384 op, 524097700.00 ns, 31.9884 us/op
WorkloadActual  73: 16384 op, 578898100.00 ns, 35.3331 us/op
WorkloadActual  74: 16384 op, 592778300.00 ns, 36.1803 us/op
WorkloadActual  75: 16384 op, 564073300.00 ns, 34.4283 us/op
WorkloadActual  76: 16384 op, 551631000.00 ns, 33.6689 us/op
WorkloadActual  77: 16384 op, 571525400.00 ns, 34.8831 us/op
WorkloadActual  78: 16384 op, 603509200.00 ns, 36.8353 us/op
WorkloadActual  79: 16384 op, 540760800.00 ns, 33.0054 us/op
WorkloadActual  80: 16384 op, 519018000.00 ns, 31.6783 us/op
WorkloadActual  81: 16384 op, 449546700.00 ns, 27.4382 us/op
WorkloadActual  82: 16384 op, 431937200.00 ns, 26.3634 us/op
WorkloadActual  83: 16384 op, 374601700.00 ns, 22.8639 us/op
WorkloadActual  84: 16384 op, 409685700.00 ns, 25.0052 us/op
WorkloadActual  85: 16384 op, 374350600.00 ns, 22.8485 us/op
WorkloadActual  86: 16384 op, 414187300.00 ns, 25.2800 us/op
WorkloadActual  87: 16384 op, 670747600.00 ns, 40.9392 us/op
WorkloadActual  88: 16384 op, 783591100.00 ns, 47.8266 us/op
WorkloadActual  89: 16384 op, 735390400.00 ns, 44.8847 us/op
WorkloadActual  90: 16384 op, 627503600.00 ns, 38.2998 us/op
WorkloadActual  91: 16384 op, 563770700.00 ns, 34.4098 us/op
WorkloadActual  92: 16384 op, 525675900.00 ns, 32.0847 us/op
WorkloadActual  93: 16384 op, 643060900.00 ns, 39.2493 us/op
WorkloadActual  94: 16384 op, 667632900.00 ns, 40.7491 us/op
WorkloadActual  95: 16384 op, 783663200.00 ns, 47.8310 us/op
WorkloadActual  96: 16384 op, 742180900.00 ns, 45.2991 us/op
WorkloadActual  97: 16384 op, 593936600.00 ns, 36.2510 us/op
WorkloadActual  98: 16384 op, 613696100.00 ns, 37.4570 us/op
WorkloadActual  99: 16384 op, 600090400.00 ns, 36.6266 us/op
WorkloadActual  100: 16384 op, 768497500.00 ns, 46.9054 us/op

// AfterActualRun
WorkloadResult   1: 16384 op, 636852400.00 ns, 38.8704 us/op
WorkloadResult   2: 16384 op, 596322200.00 ns, 36.3966 us/op
WorkloadResult   3: 16384 op, 516387400.00 ns, 31.5178 us/op
WorkloadResult   4: 16384 op, 530125300.00 ns, 32.3563 us/op
WorkloadResult   5: 16384 op, 535444800.00 ns, 32.6810 us/op
WorkloadResult   6: 16384 op, 519831800.00 ns, 31.7280 us/op
WorkloadResult   7: 16384 op, 494636800.00 ns, 30.1902 us/op
WorkloadResult   8: 16384 op, 553775700.00 ns, 33.7998 us/op
WorkloadResult   9: 16384 op, 615019300.00 ns, 37.5378 us/op
WorkloadResult  10: 16384 op, 691935900.00 ns, 42.2324 us/op
WorkloadResult  11: 16384 op, 579475500.00 ns, 35.3684 us/op
WorkloadResult  12: 16384 op, 602861300.00 ns, 36.7957 us/op
WorkloadResult  13: 16384 op, 603432900.00 ns, 36.8306 us/op
WorkloadResult  14: 16384 op, 579790400.00 ns, 35.3876 us/op
WorkloadResult  15: 16384 op, 549345500.00 ns, 33.5294 us/op
WorkloadResult  16: 16384 op, 605797400.00 ns, 36.9749 us/op
WorkloadResult  17: 16384 op, 553737700.00 ns, 33.7975 us/op
WorkloadResult  18: 16384 op, 525816800.00 ns, 32.0933 us/op
WorkloadResult  19: 16384 op, 613238700.00 ns, 37.4291 us/op
WorkloadResult  20: 16384 op, 638431800.00 ns, 38.9668 us/op
WorkloadResult  21: 16384 op, 550334400.00 ns, 33.5897 us/op
WorkloadResult  22: 16384 op, 512445500.00 ns, 31.2772 us/op
WorkloadResult  23: 16384 op, 570143900.00 ns, 34.7988 us/op
WorkloadResult  24: 16384 op, 502669600.00 ns, 30.6805 us/op
WorkloadResult  25: 16384 op, 517862900.00 ns, 31.6078 us/op
WorkloadResult  26: 16384 op, 501156400.00 ns, 30.5882 us/op
WorkloadResult  27: 16384 op, 563642200.00 ns, 34.4020 us/op
WorkloadResult  28: 16384 op, 562812400.00 ns, 34.3513 us/op
WorkloadResult  29: 16384 op, 701801500.00 ns, 42.8346 us/op
WorkloadResult  30: 16384 op, 718121900.00 ns, 43.8307 us/op
WorkloadResult  31: 16384 op, 589478500.00 ns, 35.9789 us/op
WorkloadResult  32: 16384 op, 556768000.00 ns, 33.9824 us/op
WorkloadResult  33: 16384 op, 497013700.00 ns, 30.3353 us/op
WorkloadResult  34: 16384 op, 513131800.00 ns, 31.3191 us/op
WorkloadResult  35: 16384 op, 556867100.00 ns, 33.9885 us/op
WorkloadResult  36: 16384 op, 567616900.00 ns, 34.6446 us/op
WorkloadResult  37: 16384 op, 631731100.00 ns, 38.5578 us/op
WorkloadResult  38: 16384 op, 508655400.00 ns, 31.0459 us/op
WorkloadResult  39: 16384 op, 565188400.00 ns, 34.4964 us/op
WorkloadResult  40: 16384 op, 654498900.00 ns, 39.9474 us/op
WorkloadResult  41: 16384 op, 686502100.00 ns, 41.9008 us/op
WorkloadResult  42: 16384 op, 631397700.00 ns, 38.5375 us/op
WorkloadResult  43: 16384 op, 572688100.00 ns, 34.9541 us/op
WorkloadResult  44: 16384 op, 535897500.00 ns, 32.7086 us/op
WorkloadResult  45: 16384 op, 542756200.00 ns, 33.1272 us/op
WorkloadResult  46: 16384 op, 597251400.00 ns, 36.4533 us/op
WorkloadResult  47: 16384 op, 492202300.00 ns, 30.0416 us/op
WorkloadResult  48: 16384 op, 522567800.00 ns, 31.8950 us/op
WorkloadResult  49: 16384 op, 524842000.00 ns, 32.0338 us/op
WorkloadResult  50: 16384 op, 606483400.00 ns, 37.0168 us/op
WorkloadResult  51: 16384 op, 651635500.00 ns, 39.7727 us/op
WorkloadResult  52: 16384 op, 575268200.00 ns, 35.1116 us/op
WorkloadResult  53: 16384 op, 501239100.00 ns, 30.5932 us/op
WorkloadResult  54: 16384 op, 500217100.00 ns, 30.5308 us/op
WorkloadResult  55: 16384 op, 464522800.00 ns, 28.3522 us/op
WorkloadResult  56: 16384 op, 454447200.00 ns, 27.7373 us/op
WorkloadResult  57: 16384 op, 524092300.00 ns, 31.9881 us/op
WorkloadResult  58: 16384 op, 500522400.00 ns, 30.5495 us/op
WorkloadResult  59: 16384 op, 552254900.00 ns, 33.7070 us/op
WorkloadResult  60: 16384 op, 498490200.00 ns, 30.4254 us/op
WorkloadResult  61: 16384 op, 511004200.00 ns, 31.1892 us/op
WorkloadResult  62: 16384 op, 559549700.00 ns, 34.1522 us/op
WorkloadResult  63: 16384 op, 589714300.00 ns, 35.9933 us/op
WorkloadResult  64: 16384 op, 473114100.00 ns, 28.8766 us/op
WorkloadResult  65: 16384 op, 478734700.00 ns, 29.2196 us/op
WorkloadResult  66: 16384 op, 455223000.00 ns, 27.7846 us/op
WorkloadResult  67: 16384 op, 491526900.00 ns, 30.0004 us/op
WorkloadResult  68: 16384 op, 450962700.00 ns, 27.5246 us/op
WorkloadResult  69: 16384 op, 523326800.00 ns, 31.9413 us/op
WorkloadResult  70: 16384 op, 514169300.00 ns, 31.3824 us/op
WorkloadResult  71: 16384 op, 575339100.00 ns, 35.1159 us/op
WorkloadResult  72: 16384 op, 524053100.00 ns, 31.9857 us/op
WorkloadResult  73: 16384 op, 578853500.00 ns, 35.3304 us/op
WorkloadResult  74: 16384 op, 592733700.00 ns, 36.1776 us/op
WorkloadResult  75: 16384 op, 564028700.00 ns, 34.4256 us/op
WorkloadResult  76: 16384 op, 551586400.00 ns, 33.6662 us/op
WorkloadResult  77: 16384 op, 571480800.00 ns, 34.8804 us/op
WorkloadResult  78: 16384 op, 603464600.00 ns, 36.8326 us/op
WorkloadResult  79: 16384 op, 540716200.00 ns, 33.0027 us/op
WorkloadResult  80: 16384 op, 518973400.00 ns, 31.6756 us/op
WorkloadResult  81: 16384 op, 449502100.00 ns, 27.4354 us/op
WorkloadResult  82: 16384 op, 431892600.00 ns, 26.3606 us/op
WorkloadResult  83: 16384 op, 374557100.00 ns, 22.8612 us/op
WorkloadResult  84: 16384 op, 409641100.00 ns, 25.0025 us/op
WorkloadResult  85: 16384 op, 374306000.00 ns, 22.8458 us/op
WorkloadResult  86: 16384 op, 414142700.00 ns, 25.2773 us/op
WorkloadResult  87: 16384 op, 670703000.00 ns, 40.9365 us/op
WorkloadResult  88: 16384 op, 735345800.00 ns, 44.8819 us/op
WorkloadResult  89: 16384 op, 627459000.00 ns, 38.2971 us/op
WorkloadResult  90: 16384 op, 563726100.00 ns, 34.4071 us/op
WorkloadResult  91: 16384 op, 525631300.00 ns, 32.0820 us/op
WorkloadResult  92: 16384 op, 643016300.00 ns, 39.2466 us/op
WorkloadResult  93: 16384 op, 667588300.00 ns, 40.7464 us/op
WorkloadResult  94: 16384 op, 593892000.00 ns, 36.2483 us/op
WorkloadResult  95: 16384 op, 613651500.00 ns, 37.4543 us/op
WorkloadResult  96: 16384 op, 600045800.00 ns, 36.6239 us/op
// GC:  82 0 0 1290272768 16384
// Threading:  0 0 16384

// AfterAll
// Benchmark Process 40976 has exited with code 0.

Mean = 33.813 μs, StdErr = 0.442 μs (1.31%), N = 96, StdDev = 4.328 μs
Min = 22.846 μs, Q1 = 31.255 μs, Median = 33.799 μs, Q3 = 36.496 μs, Max = 44.882 μs
IQR = 5.241 μs, LowerFence = 23.394 μs, UpperFence = 44.357 μs
ConfidenceInterval = [32.313 μs; 35.313 μs] (CI 99.9%), Margin = 1.500 μs (4.44% of Mean)
Skewness = 0.03, Kurtosis = 3.16, MValue = 3.54

// ** Remained 0 (0.0 %) benchmark(s) to run. Estimated finish 2026-10-02 19:10 (0h 0m from now) **
Successfully reverted power plan (GUID: 381b4222-f694-41f0-9685-ff5bb260df2e FriendlyName: Balanced)
// ***** BenchmarkRunner: Finish  *****

// * Export *
  BenchmarkDotNet.Artifacts\results\HexGrid.Benchmarks.FitAdvisorBenchmarks-report.csv
  BenchmarkDotNet.Artifacts\results\HexGrid.Benchmarks.FitAdvisorBenchmarks-report-github.md
  BenchmarkDotNet.Artifacts\results\HexGrid.Benchmarks.FitAdvisorBenchmarks-report.html

// * Detailed results *
FitAdvisorBenchmarks.RecommendFit: DefaultJob [Mode=AutoFitRowsColumns]
Runtime = .NET 10.0.12 (10.0.12, 10.0.1226.42308), X64 RyuJIT x86-64-v3; GC = Concurrent Workstation
Mean = 43.907 μs, StdErr = 0.912 μs (2.08%), N = 100, StdDev = 9.123 μs
Min = 30.460 μs, Q1 = 35.788 μs, Median = 40.472 μs, Q3 = 49.954 μs, Max = 65.804 μs
IQR = 14.166 μs, LowerFence = 14.540 μs, UpperFence = 71.203 μs
ConfidenceInterval = [40.813 μs; 47.001 μs] (CI 99.9%), Margin = 3.094 μs (7.05% of Mean)
Skewness = 0.56, Kurtosis = 2.08, MValue = 2.97
-------------------- Histogram --------------------
[27.880 μs ; 33.082 μs) | @@@@
[33.082 μs ; 38.241 μs) | @@@@@@@@@@@@@@@@@@@@@@@@@@@@@@@@@@@
[38.241 μs ; 43.401 μs) | @@@@@@@@@@@@@@@@
[43.401 μs ; 50.136 μs) | @@@@@@@@@@@@@@@@@@@@@
[50.136 μs ; 54.091 μs) | @@@
[54.091 μs ; 59.250 μs) | @@@@@@@@@@@@@@@
[59.250 μs ; 64.212 μs) | @@@@@
[64.212 μs ; 68.384 μs) | @
---------------------------------------------------

FitAdvisorBenchmarks.RecommendFit: DefaultJob [Mode=FixedHexWidth]
Runtime = .NET 10.0.12 (10.0.12, 10.0.1226.42308), X64 RyuJIT x86-64-v3; GC = Concurrent Workstation
Mean = 33.813 μs, StdErr = 0.442 μs (1.31%), N = 96, StdDev = 4.328 μs
Min = 22.846 μs, Q1 = 31.255 μs, Median = 33.799 μs, Q3 = 36.496 μs, Max = 44.882 μs
IQR = 5.241 μs, LowerFence = 23.394 μs, UpperFence = 44.357 μs
ConfidenceInterval = [32.313 μs; 35.313 μs] (CI 99.9%), Margin = 1.500 μs (4.44% of Mean)
Skewness = 0.03, Kurtosis = 3.16, MValue = 3.54
-------------------- Histogram --------------------
[22.821 μs ; 25.302 μs) | @@@@
[25.302 μs ; 27.087 μs) | @
[27.087 μs ; 29.938 μs) | @@@@@@@
[29.938 μs ; 32.419 μs) | @@@@@@@@@@@@@@@@@@@@@@@@@@@
[32.419 μs ; 35.436 μs) | @@@@@@@@@@@@@@@@@@@@@@@@@@@
[35.436 μs ; 38.379 μs) | @@@@@@@@@@@@@@@@
[38.379 μs ; 40.978 μs) | @@@@@@@@@
[40.978 μs ; 44.106 μs) | @@@@
[44.106 μs ; 46.123 μs) | @
---------------------------------------------------

// * Summary *

BenchmarkDotNet v0.15.8, Windows 11 (10.0.26200.9457/25H2/2025Update/HudsonValley2)
12th Gen Intel Core i9-12900HX 2.30GHz, 1 CPU, 24 logical and 16 physical cores
.NET SDK 10.0.401
  [Host]     : .NET 10.0.12 (10.0.12, 10.0.1226.42308), X64 RyuJIT x86-64-v3
  DefaultJob : .NET 10.0.12 (10.0.12, 10.0.1226.42308), X64 RyuJIT x86-64-v3


| Method       | Mode               | Mean     | Error    | StdDev   | Median   | Gen0   | Allocated |
|------------- |------------------- |---------:|---------:|---------:|---------:|-------:|----------:|
| RecommendFit | AutoFitRowsColumns | 43.91 μs | 3.094 μs | 9.123 μs | 40.47 μs | 5.0049 |  76.91 KB |
| RecommendFit | FixedHexWidth      | 33.81 μs | 1.500 μs | 4.328 μs | 33.80 μs | 5.0049 |  76.91 KB |

// * Warnings *
MultimodalDistribution
  FitAdvisorBenchmarks.RecommendFit: Default -> It seems that the distribution can have several modes (mValue = 2.97)
  FitAdvisorBenchmarks.RecommendFit: Default -> It seems that the distribution is bimodal (mValue = 3.54)

// * Hints *
Outliers
  FitAdvisorBenchmarks.RecommendFit: Default -> 4 outliers were removed, 6 outliers were detected (22.85 μs, 22.86 μs, 45.30 μs..47.83 μs)

// * Legends *
  Mode      : Value of the 'Mode' parameter
  Mean      : Arithmetic mean of all measurements
  Error     : Half of 99.9% confidence interval
  StdDev    : Standard deviation of all measurements
  Median    : Value separating the higher half of all measurements (50th percentile)
  Gen0      : GC Generation 0 collects per 1000 operations
  Allocated : Allocated memory per single operation (managed only, inclusive, 1KB = 1024B)
  1 μs      : 1 Microsecond (0.000001 sec)

// * Diagnostic Output - MemoryDiagnoser *


// ***** BenchmarkRunner: End *****
Run time: 00:02:25 (145.29 sec), executed benchmarks: 2

Global total time: 00:02:53 (173.59 sec), executed benchmarks: 2
// * Artifacts cleanup *
Artifacts cleanup is finished
