// Validating benchmarks:
// ***** BenchmarkRunner: Start   *****
// ***** Found 6 benchmark(s) in total *****
// ***** Building 1 exe(s) in Parallel: Start   *****
// start dotnet  restore --nodeReuse:false /p:UseSharedCompilation=false /p:Deterministic=true /p:Optimize=true /p:ArtifactsPath="C:\Users\jocvi\Documents\Collection-of-Folders\Programming\CSharp\HexGridGenerator\src\HexGrid.Benchmarks\bin\Release\net10.0-windows\HexGrid.Benchmarks-Job-FGEKWY-1/" /p:OutDir="C:\Users\jocvi\Documents\Collection-of-Folders\Programming\CSharp\HexGridGenerator\src\HexGrid.Benchmarks\bin\Release\net10.0-windows\HexGrid.Benchmarks-Job-FGEKWY-1\bin\Release\net10.0-Windows7.0/" /p:OutputPath="C:\Users\jocvi\Documents\Collection-of-Folders\Programming\CSharp\HexGridGenerator\src\HexGrid.Benchmarks\bin\Release\net10.0-windows\HexGrid.Benchmarks-Job-FGEKWY-1\bin\Release\net10.0-Windows7.0/" /p:PublishDir="C:\Users\jocvi\Documents\Collection-of-Folders\Programming\CSharp\HexGridGenerator\src\HexGrid.Benchmarks\bin\Release\net10.0-windows\HexGrid.Benchmarks-Job-FGEKWY-1\publish/" in C:\Users\jocvi\Documents\Collection-of-Folders\Programming\CSharp\HexGridGenerator\src\HexGrid.Benchmarks\bin\Release\net10.0-windows\HexGrid.Benchmarks-Job-FGEKWY-1
// command took 3.18 sec and exited with 0
// start dotnet  build -c Release --no-restore --nodeReuse:false /p:UseSharedCompilation=false /p:Deterministic=true /p:Optimize=true /p:ArtifactsPath="C:\Users\jocvi\Documents\Collection-of-Folders\Programming\CSharp\HexGridGenerator\src\HexGrid.Benchmarks\bin\Release\net10.0-windows\HexGrid.Benchmarks-Job-FGEKWY-1/" /p:OutDir="C:\Users\jocvi\Documents\Collection-of-Folders\Programming\CSharp\HexGridGenerator\src\HexGrid.Benchmarks\bin\Release\net10.0-windows\HexGrid.Benchmarks-Job-FGEKWY-1\bin\Release\net10.0-Windows7.0/" /p:OutputPath="C:\Users\jocvi\Documents\Collection-of-Folders\Programming\CSharp\HexGridGenerator\src\HexGrid.Benchmarks\bin\Release\net10.0-windows\HexGrid.Benchmarks-Job-FGEKWY-1\bin\Release\net10.0-Windows7.0/" /p:PublishDir="C:\Users\jocvi\Documents\Collection-of-Folders\Programming\CSharp\HexGridGenerator\src\HexGrid.Benchmarks\bin\Release\net10.0-windows\HexGrid.Benchmarks-Job-FGEKWY-1\publish/" --output "C:\Users\jocvi\Documents\Collection-of-Folders\Programming\CSharp\HexGridGenerator\src\HexGrid.Benchmarks\bin\Release\net10.0-windows\HexGrid.Benchmarks-Job-FGEKWY-1\bin\Release\net10.0-Windows7.0/" in C:\Users\jocvi\Documents\Collection-of-Folders\Programming\CSharp\HexGridGenerator\src\HexGrid.Benchmarks\bin\Release\net10.0-windows\HexGrid.Benchmarks-Job-FGEKWY-1
// command took 13.39 sec and exited with 0
// ***** Done, took 00:00:16 (16.71 sec)   *****
// Found 6 benchmarks:
//   LargeExportSpikeBenchmarks.Raster: Job-FGEKWY(IterationCount=3, LaunchCount=1, WarmupCount=1) [Canvas=A0]
//   LargeExportSpikeBenchmarks.EncodePng: Job-FGEKWY(IterationCount=3, LaunchCount=1, WarmupCount=1) [Canvas=A0]
//   LargeExportSpikeBenchmarks.Raster: Job-FGEKWY(IterationCount=3, LaunchCount=1, WarmupCount=1) [Canvas=TwoA0]
//   LargeExportSpikeBenchmarks.EncodePng: Job-FGEKWY(IterationCount=3, LaunchCount=1, WarmupCount=1) [Canvas=TwoA0]
//   LargeExportSpikeBenchmarks.Raster: Job-FGEKWY(IterationCount=3, LaunchCount=1, WarmupCount=1) [Canvas=Uhd16K]
//   LargeExportSpikeBenchmarks.EncodePng: Job-FGEKWY(IterationCount=3, LaunchCount=1, WarmupCount=1) [Canvas=Uhd16K]

Setup power plan (GUID: 8c5e7fda-e8bf-4a96-9a85-a6e23a8c635c FriendlyName: High performance)
// **************************
// Benchmark: LargeExportSpikeBenchmarks.Raster: Job-FGEKWY(IterationCount=3, LaunchCount=1, WarmupCount=1) [Canvas=A0]
// *** Execute ***
// Launch: 1 / 1
// Execute: dotnet HexGrid.Benchmarks-Job-FGEKWY-1.dll --anonymousPipes 2268 2272 --benchmarkName "HexGrid.Benchmarks.LargeExportSpikeBenchmarks.Raster(Canvas: A0)" --job "IterationCount=3, LaunchCount=1, WarmupCount=1" --benchmarkId 0 in C:\Users\jocvi\Documents\Collection-of-Folders\Programming\CSharp\HexGridGenerator\src\HexGrid.Benchmarks\bin\Release\net10.0-windows\HexGrid.Benchmarks-Job-FGEKWY-1\bin\Release\net10.0-Windows7.0
// BeforeAnythingElse

// Benchmark Process Environment Information:
// BenchmarkDotNet v0.15.8
// Runtime=.NET 10.0.12 (10.0.12, 10.0.1226.42308), X64 RyuJIT x86-64-v3
// GC=Concurrent Workstation
// HardwareIntrinsics=AVX2+BMI1+BMI2+F16C+FMA+LZCNT+MOVBE,AVX,SSE3+SSSE3+SSE4.1+SSE4.2+POPCNT,X86Base+SSE+SSE2,AES+PCLMUL,AvxVnni,SERIALIZE VectorSize=256
// Job: Job-FGEKWY(IterationCount=3, LaunchCount=1, WarmupCount=1)

// A0: 14044 x 9934, items 53244
OverheadJitting  1: 1 op, 177500.00 ns, 177.5000 us/op
WorkloadJitting  1: 1 op, 1055504900.00 ns, 1.0555 s/op

OverheadJitting  2: 1 op, 1300.00 ns, 1.3000 us/op
WorkloadJitting  2: 1 op, 1095603700.00 ns, 1.0956 s/op

WorkloadWarmup   1: 1 op, 1059733700.00 ns, 1.0597 s/op

// BeforeActualRun
WorkloadActual   1: 1 op, 1170083200.00 ns, 1.1701 s/op
WorkloadActual   2: 1 op, 1066007100.00 ns, 1.0660 s/op
WorkloadActual   3: 1 op, 1160833300.00 ns, 1.1608 s/op

// AfterActualRun
WorkloadResult   1: 1 op, 1170083200.00 ns, 1.1701 s/op
WorkloadResult   2: 1 op, 1066007100.00 ns, 1.0660 s/op
WorkloadResult   3: 1 op, 1160833300.00 ns, 1.1608 s/op
// GC:  0 0 0 504 1
// Threading:  0 0 1

// AfterAll
// Benchmark Process 52824 has exited with code 0.

Mean = 1.132 s, StdErr = 0.033 s (2.94%), N = 3, StdDev = 0.058 s
Min = 1.066 s, Q1 = 1.113 s, Median = 1.161 s, Q3 = 1.165 s, Max = 1.170 s
IQR = 0.052 s, LowerFence = 1.035 s, UpperFence = 1.244 s
ConfidenceInterval = [0.081 s; 2.183 s] (CI 99.9%), Margin = 1.051 s (92.81% of Mean)
Skewness = -0.37, Kurtosis = 0.67, MValue = 2

// ** Remained 5 (83.3 %) benchmark(s) to run. Estimated finish 2026-10-02 21:18 (0h 0m from now) **
Setup power plan (GUID: 8c5e7fda-e8bf-4a96-9a85-a6e23a8c635c FriendlyName: High performance)
// **************************
// Benchmark: LargeExportSpikeBenchmarks.EncodePng: Job-FGEKWY(IterationCount=3, LaunchCount=1, WarmupCount=1) [Canvas=A0]
// *** Execute ***
// Launch: 1 / 1
// Execute: dotnet HexGrid.Benchmarks-Job-FGEKWY-1.dll --anonymousPipes 2256 2240 --benchmarkName "HexGrid.Benchmarks.LargeExportSpikeBenchmarks.EncodePng(Canvas: A0)" --job "IterationCount=3, LaunchCount=1, WarmupCount=1" --benchmarkId 1 in C:\Users\jocvi\Documents\Collection-of-Folders\Programming\CSharp\HexGridGenerator\src\HexGrid.Benchmarks\bin\Release\net10.0-windows\HexGrid.Benchmarks-Job-FGEKWY-1\bin\Release\net10.0-Windows7.0
// BeforeAnythingElse

// Benchmark Process Environment Information:
// BenchmarkDotNet v0.15.8
// Runtime=.NET 10.0.12 (10.0.12, 10.0.1226.42308), X64 RyuJIT x86-64-v3
// GC=Concurrent Workstation
// HardwareIntrinsics=AVX2+BMI1+BMI2+F16C+FMA+LZCNT+MOVBE,AVX,SSE3+SSSE3+SSE4.1+SSE4.2+POPCNT,X86Base+SSE+SSE2,AES+PCLMUL,AvxVnni,SERIALIZE VectorSize=256
// Job: Job-FGEKWY(IterationCount=3, LaunchCount=1, WarmupCount=1)

// A0: 14044 x 9934, items 53244
OverheadJitting  1: 1 op, 311900.00 ns, 311.9000 us/op
WorkloadJitting  1: 1 op, 2112959100.00 ns, 2.1130 s/op

OverheadJitting  2: 1 op, 1200.00 ns, 1.2000 us/op
WorkloadJitting  2: 1 op, 1685351300.00 ns, 1.6854 s/op

WorkloadWarmup   1: 1 op, 1466543200.00 ns, 1.4665 s/op

// BeforeActualRun
WorkloadActual   1: 1 op, 1471422600.00 ns, 1.4714 s/op
WorkloadActual   2: 1 op, 1575871000.00 ns, 1.5759 s/op
WorkloadActual   3: 1 op, 1674043000.00 ns, 1.6740 s/op

// AfterActualRun
WorkloadResult   1: 1 op, 1471422600.00 ns, 1.4714 s/op
WorkloadResult   2: 1 op, 1575871000.00 ns, 1.5759 s/op
WorkloadResult   3: 1 op, 1674043000.00 ns, 1.6740 s/op
// GC:  2 2 1 33490264 1
// Threading:  0 0 1

// AfterAll
// Benchmark Process 21836 has exited with code 0.

Mean = 1.574 s, StdErr = 0.059 s (3.72%), N = 3, StdDev = 0.101 s
Min = 1.471 s, Q1 = 1.524 s, Median = 1.576 s, Q3 = 1.625 s, Max = 1.674 s
IQR = 0.101 s, LowerFence = 1.372 s, UpperFence = 1.777 s
ConfidenceInterval = [-0.275 s; 3.422 s] (CI 99.9%), Margin = 1.849 s (117.46% of Mean)
Skewness = -0.02, Kurtosis = 0.67, MValue = 2

// ** Remained 4 (66.7 %) benchmark(s) to run. Estimated finish 2026-10-02 21:18 (0h 0m from now) **
Setup power plan (GUID: 8c5e7fda-e8bf-4a96-9a85-a6e23a8c635c FriendlyName: High performance)
// **************************
// Benchmark: LargeExportSpikeBenchmarks.Raster: Job-FGEKWY(IterationCount=3, LaunchCount=1, WarmupCount=1) [Canvas=TwoA0]
// *** Execute ***
// Launch: 1 / 1
// Execute: dotnet HexGrid.Benchmarks-Job-FGEKWY-1.dll --anonymousPipes 2116 2108 --benchmarkName "HexGrid.Benchmarks.LargeExportSpikeBenchmarks.Raster(Canvas: TwoA0)" --job "IterationCount=3, LaunchCount=1, WarmupCount=1" --benchmarkId 2 in C:\Users\jocvi\Documents\Collection-of-Folders\Programming\CSharp\HexGridGenerator\src\HexGrid.Benchmarks\bin\Release\net10.0-windows\HexGrid.Benchmarks-Job-FGEKWY-1\bin\Release\net10.0-Windows7.0
// BeforeAnythingElse

// Benchmark Process Environment Information:
// BenchmarkDotNet v0.15.8
// Runtime=.NET 10.0.12 (10.0.12, 10.0.1226.42308), X64 RyuJIT x86-64-v3
// GC=Concurrent Workstation
// HardwareIntrinsics=AVX2+BMI1+BMI2+F16C+FMA+LZCNT+MOVBE,AVX,SSE3+SSSE3+SSE4.1+SSE4.2+POPCNT,X86Base+SSE+SSE2,AES+PCLMUL,AvxVnni,SERIALIZE VectorSize=256
// Job: Job-FGEKWY(IterationCount=3, LaunchCount=1, WarmupCount=1)

// TwoA0: 19867 x 14044, items 106286
OverheadJitting  1: 1 op, 206900.00 ns, 206.9000 us/op
WorkloadJitting  1: 1 op, 3123651900.00 ns, 3.1237 s/op

OverheadJitting  2: 1 op, 2700.00 ns, 2.7000 us/op
WorkloadJitting  2: 1 op, 4156674800.00 ns, 4.1567 s/op

WorkloadWarmup   1: 1 op, 4054400200.00 ns, 4.0544 s/op

// BeforeActualRun
WorkloadActual   1: 1 op, 3012630400.00 ns, 3.0126 s/op
WorkloadActual   2: 1 op, 3226679200.00 ns, 3.2267 s/op
WorkloadActual   3: 1 op, 3508738700.00 ns, 3.5087 s/op

// AfterActualRun
WorkloadResult   1: 1 op, 3012630400.00 ns, 3.0126 s/op
WorkloadResult   2: 1 op, 3226679200.00 ns, 3.2267 s/op
WorkloadResult   3: 1 op, 3508738700.00 ns, 3.5087 s/op
// GC:  0 0 0 504 1
// Threading:  0 0 1

// AfterAll
// Benchmark Process 51796 has exited with code 0.

Mean = 3.249 s, StdErr = 0.144 s (4.42%), N = 3, StdDev = 0.249 s
Min = 3.013 s, Q1 = 3.120 s, Median = 3.227 s, Q3 = 3.368 s, Max = 3.509 s
IQR = 0.248 s, LowerFence = 2.748 s, UpperFence = 3.740 s
ConfidenceInterval = [-1.290 s; 7.789 s] (CI 99.9%), Margin = 4.540 s (139.71% of Mean)
Skewness = 0.09, Kurtosis = 0.67, MValue = 2

// ** Remained 3 (50.0 %) benchmark(s) to run. Estimated finish 2026-10-02 21:19 (0h 0m from now) **
Setup power plan (GUID: 8c5e7fda-e8bf-4a96-9a85-a6e23a8c635c FriendlyName: High performance)
// **************************
// Benchmark: LargeExportSpikeBenchmarks.EncodePng: Job-FGEKWY(IterationCount=3, LaunchCount=1, WarmupCount=1) [Canvas=TwoA0]
// *** Execute ***
// Launch: 1 / 1
// Execute: dotnet HexGrid.Benchmarks-Job-FGEKWY-1.dll --anonymousPipes 2132 2116 --benchmarkName "HexGrid.Benchmarks.LargeExportSpikeBenchmarks.EncodePng(Canvas: TwoA0)" --job "IterationCount=3, LaunchCount=1, WarmupCount=1" --benchmarkId 3 in C:\Users\jocvi\Documents\Collection-of-Folders\Programming\CSharp\HexGridGenerator\src\HexGrid.Benchmarks\bin\Release\net10.0-windows\HexGrid.Benchmarks-Job-FGEKWY-1\bin\Release\net10.0-Windows7.0
// BeforeAnythingElse

// Benchmark Process Environment Information:
// BenchmarkDotNet v0.15.8
// Runtime=.NET 10.0.12 (10.0.12, 10.0.1226.42308), X64 RyuJIT x86-64-v3
// GC=Concurrent Workstation
// HardwareIntrinsics=AVX2+BMI1+BMI2+F16C+FMA+LZCNT+MOVBE,AVX,SSE3+SSSE3+SSE4.1+SSE4.2+POPCNT,X86Base+SSE+SSE2,AES+PCLMUL,AvxVnni,SERIALIZE VectorSize=256
// Job: Job-FGEKWY(IterationCount=3, LaunchCount=1, WarmupCount=1)

// TwoA0: 19867 x 14044, items 106286
OverheadJitting  1: 1 op, 451600.00 ns, 451.6000 us/op
WorkloadJitting  1: 1 op, 3339394300.00 ns, 3.3394 s/op

OverheadJitting  2: 1 op, 1200.00 ns, 1.2000 us/op
WorkloadJitting  2: 1 op, 3138498200.00 ns, 3.1385 s/op

WorkloadWarmup   1: 1 op, 3044211600.00 ns, 3.0442 s/op

// BeforeActualRun
WorkloadActual   1: 1 op, 2974692700.00 ns, 2.9747 s/op
WorkloadActual   2: 1 op, 3239293100.00 ns, 3.2393 s/op
WorkloadActual   3: 1 op, 3053118000.00 ns, 3.0531 s/op

// AfterActualRun
WorkloadResult   1: 1 op, 2974692700.00 ns, 2.9747 s/op
WorkloadResult   2: 1 op, 3239293100.00 ns, 3.2393 s/op
WorkloadResult   3: 1 op, 3053118000.00 ns, 3.0531 s/op
// GC:  2 2 0 67044072 1
// Threading:  0 0 1

// AfterAll
// Benchmark Process 39328 has exited with code 0.

Mean = 3.089 s, StdErr = 0.078 s (2.54%), N = 3, StdDev = 0.136 s
Min = 2.975 s, Q1 = 3.014 s, Median = 3.053 s, Q3 = 3.146 s, Max = 3.239 s
IQR = 0.132 s, LowerFence = 2.815 s, UpperFence = 3.345 s
ConfidenceInterval = [0.610 s; 5.568 s] (CI 99.9%), Margin = 2.479 s (80.27% of Mean)
Skewness = 0.25, Kurtosis = 0.67, MValue = 2

// ** Remained 2 (33.3 %) benchmark(s) to run. Estimated finish 2026-10-02 21:19 (0h 0m from now) **
Setup power plan (GUID: 8c5e7fda-e8bf-4a96-9a85-a6e23a8c635c FriendlyName: High performance)
// **************************
// Benchmark: LargeExportSpikeBenchmarks.Raster: Job-FGEKWY(IterationCount=3, LaunchCount=1, WarmupCount=1) [Canvas=Uhd16K]
// *** Execute ***
// Launch: 1 / 1
// Execute: dotnet HexGrid.Benchmarks-Job-FGEKWY-1.dll --anonymousPipes 2132 2356 --benchmarkName "HexGrid.Benchmarks.LargeExportSpikeBenchmarks.Raster(Canvas: Uhd16K)" --job "IterationCount=3, LaunchCount=1, WarmupCount=1" --benchmarkId 4 in C:\Users\jocvi\Documents\Collection-of-Folders\Programming\CSharp\HexGridGenerator\src\HexGrid.Benchmarks\bin\Release\net10.0-windows\HexGrid.Benchmarks-Job-FGEKWY-1\bin\Release\net10.0-Windows7.0
// BeforeAnythingElse

// Benchmark Process Environment Information:
// BenchmarkDotNet v0.15.8
// Runtime=.NET 10.0.12 (10.0.12, 10.0.1226.42308), X64 RyuJIT x86-64-v3
// GC=Concurrent Workstation
// HardwareIntrinsics=AVX2+BMI1+BMI2+F16C+FMA+LZCNT+MOVBE,AVX,SSE3+SSSE3+SSE4.1+SSE4.2+POPCNT,X86Base+SSE+SSE2,AES+PCLMUL,AvxVnni,SERIALIZE VectorSize=256
// Job: Job-FGEKWY(IterationCount=3, LaunchCount=1, WarmupCount=1)

// Uhd16K: 15360 x 8640, items 52698
OverheadJitting  1: 1 op, 217200.00 ns, 217.2000 us/op
WorkloadJitting  1: 1 op, 977815100.00 ns, 977.8151 ms/op

OverheadJitting  2: 1 op, 2300.00 ns, 2.3000 us/op
WorkloadJitting  2: 1 op, 1004674400.00 ns, 1.0047 s/op

WorkloadWarmup   1: 1 op, 1134037300.00 ns, 1.1340 s/op

// BeforeActualRun
WorkloadActual   1: 1 op, 916838500.00 ns, 916.8385 ms/op
WorkloadActual   2: 1 op, 904700200.00 ns, 904.7002 ms/op
WorkloadActual   3: 1 op, 827779600.00 ns, 827.7796 ms/op

// AfterActualRun
WorkloadResult   1: 1 op, 916838500.00 ns, 916.8385 ms/op
WorkloadResult   2: 1 op, 904700200.00 ns, 904.7002 ms/op
WorkloadResult   3: 1 op, 827779600.00 ns, 827.7796 ms/op
// GC:  0 0 0 504 1
// Threading:  0 0 1

// AfterAll
// Benchmark Process 53796 has exited with code 0.

Mean = 883.106 ms, StdErr = 27.884 ms (3.16%), N = 3, StdDev = 48.297 ms
Min = 827.780 ms, Q1 = 866.240 ms, Median = 904.700 ms, Q3 = 910.769 ms, Max = 916.838 ms
IQR = 44.529 ms, LowerFence = 799.446 ms, UpperFence = 977.564 ms
ConfidenceInterval = [1.989 ms; 1,764.223 ms] (CI 99.9%), Margin = 881.117 ms (99.77% of Mean)
Skewness = -0.36, Kurtosis = 0.67, MValue = 2

// ** Remained 1 (16.7 %) benchmark(s) to run. Estimated finish 2026-10-02 21:19 (0h 0m from now) **
Setup power plan (GUID: 8c5e7fda-e8bf-4a96-9a85-a6e23a8c635c FriendlyName: High performance)
// **************************
// Benchmark: LargeExportSpikeBenchmarks.EncodePng: Job-FGEKWY(IterationCount=3, LaunchCount=1, WarmupCount=1) [Canvas=Uhd16K]
// *** Execute ***
// Launch: 1 / 1
// Execute: dotnet HexGrid.Benchmarks-Job-FGEKWY-1.dll --anonymousPipes 2160 2156 --benchmarkName "HexGrid.Benchmarks.LargeExportSpikeBenchmarks.EncodePng(Canvas: Uhd16K)" --job "IterationCount=3, LaunchCount=1, WarmupCount=1" --benchmarkId 5 in C:\Users\jocvi\Documents\Collection-of-Folders\Programming\CSharp\HexGridGenerator\src\HexGrid.Benchmarks\bin\Release\net10.0-windows\HexGrid.Benchmarks-Job-FGEKWY-1\bin\Release\net10.0-Windows7.0
// BeforeAnythingElse

// Benchmark Process Environment Information:
// BenchmarkDotNet v0.15.8
// Runtime=.NET 10.0.12 (10.0.12, 10.0.1226.42308), X64 RyuJIT x86-64-v3
// GC=Concurrent Workstation
// HardwareIntrinsics=AVX2+BMI1+BMI2+F16C+FMA+LZCNT+MOVBE,AVX,SSE3+SSSE3+SSE4.1+SSE4.2+POPCNT,X86Base+SSE+SSE2,AES+PCLMUL,AvxVnni,SERIALIZE VectorSize=256
// Job: Job-FGEKWY(IterationCount=3, LaunchCount=1, WarmupCount=1)

// Uhd16K: 15360 x 8640, items 52698
OverheadJitting  1: 1 op, 237100.00 ns, 237.1000 us/op
WorkloadJitting  1: 1 op, 1467040200.00 ns, 1.4670 s/op

OverheadJitting  2: 1 op, 1000.00 ns, 1.0000 us/op
WorkloadJitting  2: 1 op, 1478419700.00 ns, 1.4784 s/op

WorkloadWarmup   1: 1 op, 1435081600.00 ns, 1.4351 s/op

// BeforeActualRun
WorkloadActual   1: 1 op, 1495682300.00 ns, 1.4957 s/op
WorkloadActual   2: 1 op, 1488945100.00 ns, 1.4889 s/op
WorkloadActual   3: 1 op, 1410355800.00 ns, 1.4104 s/op

// AfterActualRun
WorkloadResult   1: 1 op, 1495682300.00 ns, 1.4957 s/op
WorkloadResult   2: 1 op, 1488945100.00 ns, 1.4889 s/op
WorkloadResult   3: 1 op, 1410355800.00 ns, 1.4104 s/op
// GC:  1 1 1 16713024 1
// Threading:  0 0 1

// AfterAll
// Benchmark Process 42700 has exited with code 0.

Mean = 1.465 s, StdErr = 0.027 s (1.87%), N = 3, StdDev = 0.047 s
Min = 1.410 s, Q1 = 1.450 s, Median = 1.489 s, Q3 = 1.492 s, Max = 1.496 s
IQR = 0.043 s, LowerFence = 1.386 s, UpperFence = 1.556 s
ConfidenceInterval = [0.600 s; 2.330 s] (CI 99.9%), Margin = 0.865 s (59.08% of Mean)
Skewness = -0.38, Kurtosis = 0.67, MValue = 2

// ** Remained 0 (0.0 %) benchmark(s) to run. Estimated finish 2026-10-02 21:18 (0h 0m from now) **
Successfully reverted power plan (GUID: 381b4222-f694-41f0-9685-ff5bb260df2e FriendlyName: Balanced)
// ***** BenchmarkRunner: Finish  *****

// * Export *
  BenchmarkDotNet.Artifacts\results\HexGrid.Benchmarks.LargeExportSpikeBenchmarks-report.csv
  BenchmarkDotNet.Artifacts\results\HexGrid.Benchmarks.LargeExportSpikeBenchmarks-report-github.md
  BenchmarkDotNet.Artifacts\results\HexGrid.Benchmarks.LargeExportSpikeBenchmarks-report.html

// * Detailed results *
LargeExportSpikeBenchmarks.Raster: Job-FGEKWY(IterationCount=3, LaunchCount=1, WarmupCount=1) [Canvas=A0]
Runtime = .NET 10.0.12 (10.0.12, 10.0.1226.42308), X64 RyuJIT x86-64-v3; GC = Concurrent Workstation
Mean = 1.132 s, StdErr = 0.033 s (2.94%), N = 3, StdDev = 0.058 s
Min = 1.066 s, Q1 = 1.113 s, Median = 1.161 s, Q3 = 1.165 s, Max = 1.170 s
IQR = 0.052 s, LowerFence = 1.035 s, UpperFence = 1.244 s
ConfidenceInterval = [0.081 s; 2.183 s] (CI 99.9%), Margin = 1.051 s (92.81% of Mean)
Skewness = -0.37, Kurtosis = 0.67, MValue = 2
-------------------- Histogram --------------------
[1.066 s ; 1.170 s) | @@@
---------------------------------------------------

LargeExportSpikeBenchmarks.EncodePng: Job-FGEKWY(IterationCount=3, LaunchCount=1, WarmupCount=1) [Canvas=A0]
Runtime = .NET 10.0.12 (10.0.12, 10.0.1226.42308), X64 RyuJIT x86-64-v3; GC = Concurrent Workstation
Mean = 1.574 s, StdErr = 0.059 s (3.72%), N = 3, StdDev = 0.101 s
Min = 1.471 s, Q1 = 1.524 s, Median = 1.576 s, Q3 = 1.625 s, Max = 1.674 s
IQR = 0.101 s, LowerFence = 1.372 s, UpperFence = 1.777 s
ConfidenceInterval = [-0.275 s; 3.422 s] (CI 99.9%), Margin = 1.849 s (117.46% of Mean)
Skewness = -0.02, Kurtosis = 0.67, MValue = 2
-------------------- Histogram --------------------
[1.379 s ; 1.533 s) | @
[1.533 s ; 1.717 s) | @@
---------------------------------------------------

LargeExportSpikeBenchmarks.Raster: Job-FGEKWY(IterationCount=3, LaunchCount=1, WarmupCount=1) [Canvas=TwoA0]
Runtime = .NET 10.0.12 (10.0.12, 10.0.1226.42308), X64 RyuJIT x86-64-v3; GC = Concurrent Workstation
Mean = 3.249 s, StdErr = 0.144 s (4.42%), N = 3, StdDev = 0.249 s
Min = 3.013 s, Q1 = 3.120 s, Median = 3.227 s, Q3 = 3.368 s, Max = 3.509 s
IQR = 0.248 s, LowerFence = 2.748 s, UpperFence = 3.740 s
ConfidenceInterval = [-1.290 s; 7.789 s] (CI 99.9%), Margin = 4.540 s (139.71% of Mean)
Skewness = 0.09, Kurtosis = 0.67, MValue = 2
-------------------- Histogram --------------------
[2.893 s ; 3.346 s) | @@
[3.346 s ; 3.735 s) | @
---------------------------------------------------

LargeExportSpikeBenchmarks.EncodePng: Job-FGEKWY(IterationCount=3, LaunchCount=1, WarmupCount=1) [Canvas=TwoA0]
Runtime = .NET 10.0.12 (10.0.12, 10.0.1226.42308), X64 RyuJIT x86-64-v3; GC = Concurrent Workstation
Mean = 3.089 s, StdErr = 0.078 s (2.54%), N = 3, StdDev = 0.136 s
Min = 2.975 s, Q1 = 3.014 s, Median = 3.053 s, Q3 = 3.146 s, Max = 3.239 s
IQR = 0.132 s, LowerFence = 2.815 s, UpperFence = 3.345 s
ConfidenceInterval = [0.610 s; 5.568 s] (CI 99.9%), Margin = 2.479 s (80.27% of Mean)
Skewness = 0.25, Kurtosis = 0.67, MValue = 2
-------------------- Histogram --------------------
[2.890 s ; 3.138 s) | @@
[3.138 s ; 3.363 s) | @
---------------------------------------------------

LargeExportSpikeBenchmarks.Raster: Job-FGEKWY(IterationCount=3, LaunchCount=1, WarmupCount=1) [Canvas=Uhd16K]
Runtime = .NET 10.0.12 (10.0.12, 10.0.1226.42308), X64 RyuJIT x86-64-v3; GC = Concurrent Workstation
Mean = 883.106 ms, StdErr = 27.884 ms (3.16%), N = 3, StdDev = 48.297 ms
Min = 827.780 ms, Q1 = 866.240 ms, Median = 904.700 ms, Q3 = 910.769 ms, Max = 916.838 ms
IQR = 44.529 ms, LowerFence = 799.446 ms, UpperFence = 977.564 ms
ConfidenceInterval = [1.989 ms; 1,764.223 ms] (CI 99.9%), Margin = 881.117 ms (99.77% of Mean)
Skewness = -0.36, Kurtosis = 0.67, MValue = 2
-------------------- Histogram --------------------
[783.828 ms ; 866.817 ms) | @
[866.817 ms ; 960.791 ms) | @@
---------------------------------------------------

LargeExportSpikeBenchmarks.EncodePng: Job-FGEKWY(IterationCount=3, LaunchCount=1, WarmupCount=1) [Canvas=Uhd16K]
Runtime = .NET 10.0.12 (10.0.12, 10.0.1226.42308), X64 RyuJIT x86-64-v3; GC = Concurrent Workstation
Mean = 1.465 s, StdErr = 0.027 s (1.87%), N = 3, StdDev = 0.047 s
Min = 1.410 s, Q1 = 1.450 s, Median = 1.489 s, Q3 = 1.492 s, Max = 1.496 s
IQR = 0.043 s, LowerFence = 1.386 s, UpperFence = 1.556 s
ConfidenceInterval = [0.600 s; 2.330 s] (CI 99.9%), Margin = 0.865 s (59.08% of Mean)
Skewness = -0.38, Kurtosis = 0.67, MValue = 2
-------------------- Histogram --------------------
[1.410 s ; 1.496 s) | @@@
---------------------------------------------------

// * Summary *

BenchmarkDotNet v0.15.8, Windows 11 (10.0.26200.9457/25H2/2025Update/HudsonValley2)
12th Gen Intel Core i9-12900HX 2.30GHz, 1 CPU, 24 logical and 16 physical cores
.NET SDK 10.0.401
  [Host]     : .NET 10.0.12 (10.0.12, 10.0.1226.42308), X64 RyuJIT x86-64-v3
  Job-FGEKWY : .NET 10.0.12 (10.0.12, 10.0.1226.42308), X64 RyuJIT x86-64-v3

IterationCount=3  LaunchCount=1  WarmupCount=1  

| Method    | Canvas | Mean       | Error      | StdDev    | Gen0      | Gen1      | Gen2      | Allocated  |
|---------- |------- |-----------:|-----------:|----------:|----------:|----------:|----------:|-----------:|
| Raster    | A0     | 1,132.3 ms | 1,050.9 ms |  57.60 ms |         - |         - |         - |      504 B |
| EncodePng | A0     | 1,573.8 ms | 1,848.6 ms | 101.33 ms | 2000.0000 | 2000.0000 | 1000.0000 | 33490264 B |
| Raster    | TwoA0  | 3,249.3 ms | 4,539.6 ms | 248.83 ms |         - |         - |         - |      504 B |
| EncodePng | TwoA0  | 3,089.0 ms | 2,479.5 ms | 135.91 ms | 2000.0000 | 2000.0000 |         - | 67044072 B |
| Raster    | Uhd16K |   883.1 ms |   881.1 ms |  48.30 ms |         - |         - |         - |      504 B |
| EncodePng | Uhd16K | 1,465.0 ms |   865.4 ms |  47.44 ms | 1000.0000 | 1000.0000 | 1000.0000 | 16713024 B |

// * Legends *
  Canvas    : Value of the 'Canvas' parameter
  Mean      : Arithmetic mean of all measurements
  Error     : Half of 99.9% confidence interval
  StdDev    : Standard deviation of all measurements
  Gen0      : GC Generation 0 collects per 1000 operations
  Gen1      : GC Generation 1 collects per 1000 operations
  Gen2      : GC Generation 2 collects per 1000 operations
  Allocated : Allocated memory per single operation (managed only, inclusive, 1KB = 1024B)
  1 ms      : 1 Millisecond (0.001 sec)

// * Diagnostic Output - MemoryDiagnoser *


// ***** BenchmarkRunner: End *****
Run time: 00:01:35 (95.96 sec), executed benchmarks: 6

Global total time: 00:01:53 (113.75 sec), executed benchmarks: 6
// * Artifacts cleanup *
Artifacts cleanup is finished
