// Validating benchmarks:
// ***** BenchmarkRunner: Start   *****
// ***** Found 9 benchmark(s) in total *****
// ***** Building 1 exe(s) in Parallel: Start   *****
// start dotnet  restore --nodeReuse:false /p:UseSharedCompilation=false /p:Deterministic=true /p:Optimize=true /p:ArtifactsPath="C:\Users\jocvi\Documents\Collection-of-Folders\Programming\CSharp\HexGridGenerator\src\HexGrid.Benchmarks\bin\Release\net10.0-windows\HexGrid.Benchmarks-ShortRun-1/" /p:OutDir="C:\Users\jocvi\Documents\Collection-of-Folders\Programming\CSharp\HexGridGenerator\src\HexGrid.Benchmarks\bin\Release\net10.0-windows\HexGrid.Benchmarks-ShortRun-1\bin\Release\net10.0-Windows7.0/" /p:OutputPath="C:\Users\jocvi\Documents\Collection-of-Folders\Programming\CSharp\HexGridGenerator\src\HexGrid.Benchmarks\bin\Release\net10.0-windows\HexGrid.Benchmarks-ShortRun-1\bin\Release\net10.0-Windows7.0/" /p:PublishDir="C:\Users\jocvi\Documents\Collection-of-Folders\Programming\CSharp\HexGridGenerator\src\HexGrid.Benchmarks\bin\Release\net10.0-windows\HexGrid.Benchmarks-ShortRun-1\publish/" in C:\Users\jocvi\Documents\Collection-of-Folders\Programming\CSharp\HexGridGenerator\src\HexGrid.Benchmarks\bin\Release\net10.0-windows\HexGrid.Benchmarks-ShortRun-1
// command took 2.07 sec and exited with 0
// start dotnet  build -c Release --no-restore --nodeReuse:false /p:UseSharedCompilation=false /p:Deterministic=true /p:Optimize=true /p:ArtifactsPath="C:\Users\jocvi\Documents\Collection-of-Folders\Programming\CSharp\HexGridGenerator\src\HexGrid.Benchmarks\bin\Release\net10.0-windows\HexGrid.Benchmarks-ShortRun-1/" /p:OutDir="C:\Users\jocvi\Documents\Collection-of-Folders\Programming\CSharp\HexGridGenerator\src\HexGrid.Benchmarks\bin\Release\net10.0-windows\HexGrid.Benchmarks-ShortRun-1\bin\Release\net10.0-Windows7.0/" /p:OutputPath="C:\Users\jocvi\Documents\Collection-of-Folders\Programming\CSharp\HexGridGenerator\src\HexGrid.Benchmarks\bin\Release\net10.0-windows\HexGrid.Benchmarks-ShortRun-1\bin\Release\net10.0-Windows7.0/" /p:PublishDir="C:\Users\jocvi\Documents\Collection-of-Folders\Programming\CSharp\HexGridGenerator\src\HexGrid.Benchmarks\bin\Release\net10.0-windows\HexGrid.Benchmarks-ShortRun-1\publish/" --output "C:\Users\jocvi\Documents\Collection-of-Folders\Programming\CSharp\HexGridGenerator\src\HexGrid.Benchmarks\bin\Release\net10.0-windows\HexGrid.Benchmarks-ShortRun-1\bin\Release\net10.0-Windows7.0/" in C:\Users\jocvi\Documents\Collection-of-Folders\Programming\CSharp\HexGridGenerator\src\HexGrid.Benchmarks\bin\Release\net10.0-windows\HexGrid.Benchmarks-ShortRun-1
// command took 16.16 sec and exited with 0
// ***** Done, took 00:00:18 (18.37 sec)   *****
// Found 9 benchmarks:
//   ScalingSpikeBenchmarks.ConcurrentPreviews: ShortRun(IterationCount=3, LaunchCount=1, WarmupCount=3) [Threads=1, Layers=all]
//   ScalingSpikeBenchmarks.ConcurrentPreviews: ShortRun(IterationCount=3, LaunchCount=1, WarmupCount=3) [Threads=1, Layers=geometry]
//   ScalingSpikeBenchmarks.ConcurrentPreviews: ShortRun(IterationCount=3, LaunchCount=1, WarmupCount=3) [Threads=1, Layers=text]
//   ScalingSpikeBenchmarks.ConcurrentPreviews: ShortRun(IterationCount=3, LaunchCount=1, WarmupCount=3) [Threads=4, Layers=all]
//   ScalingSpikeBenchmarks.ConcurrentPreviews: ShortRun(IterationCount=3, LaunchCount=1, WarmupCount=3) [Threads=4, Layers=geometry]
//   ScalingSpikeBenchmarks.ConcurrentPreviews: ShortRun(IterationCount=3, LaunchCount=1, WarmupCount=3) [Threads=4, Layers=text]
//   ScalingSpikeBenchmarks.ConcurrentPreviews: ShortRun(IterationCount=3, LaunchCount=1, WarmupCount=3) [Threads=8, Layers=all]
//   ScalingSpikeBenchmarks.ConcurrentPreviews: ShortRun(IterationCount=3, LaunchCount=1, WarmupCount=3) [Threads=8, Layers=geometry]
//   ScalingSpikeBenchmarks.ConcurrentPreviews: ShortRun(IterationCount=3, LaunchCount=1, WarmupCount=3) [Threads=8, Layers=text]

Setup power plan (GUID: 8c5e7fda-e8bf-4a96-9a85-a6e23a8c635c FriendlyName: High performance)
// **************************
// Benchmark: ScalingSpikeBenchmarks.ConcurrentPreviews: ShortRun(IterationCount=3, LaunchCount=1, WarmupCount=3) [Threads=1, Layers=all]
// *** Execute ***
// Launch: 1 / 1
// Execute: dotnet HexGrid.Benchmarks-ShortRun-1.dll --anonymousPipes 1844 1300 --benchmarkName "HexGrid.Benchmarks.ScalingSpikeBenchmarks.ConcurrentPreviews(Threads: 1, Layers: \"all\")" --job ShortRun --benchmarkId 0 in C:\Users\jocvi\Documents\Collection-of-Folders\Programming\CSharp\HexGridGenerator\src\HexGrid.Benchmarks\bin\Release\net10.0-windows\HexGrid.Benchmarks-ShortRun-1\bin\Release\net10.0-Windows7.0
// BeforeAnythingElse

// Benchmark Process Environment Information:
// BenchmarkDotNet v0.15.8
// Runtime=.NET 10.0.12 (10.0.12, 10.0.1226.42308), X64 RyuJIT x86-64-v3
// GC=Concurrent Workstation
// HardwareIntrinsics=AVX2+BMI1+BMI2+F16C+FMA+LZCNT+MOVBE,AVX,SSE3+SSSE3+SSE4.1+SSE4.2+POPCNT,X86Base+SSE+SSE2,AES+PCLMUL,AvxVnni,SERIALIZE VectorSize=256
// Job: ShortRun(IterationCount=3, LaunchCount=1, WarmupCount=3)

OverheadJitting  1: 1 op, 190300.00 ns, 190.3000 us/op
WorkloadJitting  1: 1 op, 216261400.00 ns, 216.2614 ms/op

WorkloadPilot    1: 2 op, 255541300.00 ns, 127.7707 ms/op
WorkloadPilot    2: 3 op, 351968100.00 ns, 117.3227 ms/op
WorkloadPilot    3: 4 op, 468945500.00 ns, 117.2364 ms/op
WorkloadPilot    4: 5 op, 570085600.00 ns, 114.0171 ms/op

WorkloadWarmup   1: 5 op, 583605300.00 ns, 116.7211 ms/op
WorkloadWarmup   2: 5 op, 598087700.00 ns, 119.6175 ms/op
WorkloadWarmup   3: 5 op, 618935600.00 ns, 123.7871 ms/op

// BeforeActualRun
WorkloadActual   1: 5 op, 706936000.00 ns, 141.3872 ms/op
WorkloadActual   2: 5 op, 574992600.00 ns, 114.9985 ms/op
WorkloadActual   3: 5 op, 567546900.00 ns, 113.5094 ms/op

// AfterActualRun
WorkloadResult   1: 5 op, 706936000.00 ns, 141.3872 ms/op
WorkloadResult   2: 5 op, 574992600.00 ns, 114.9985 ms/op
WorkloadResult   3: 5 op, 567546900.00 ns, 113.5094 ms/op
// GC:  0 0 0 15030520 5
// Threading:  0 0 5

// AfterAll
// Benchmark Process 32704 has exited with code 0.

Mean = 123.298 ms, StdErr = 9.055 ms (7.34%), N = 3, StdDev = 15.683 ms
Min = 113.509 ms, Q1 = 114.254 ms, Median = 114.999 ms, Q3 = 128.193 ms, Max = 141.387 ms
IQR = 13.939 ms, LowerFence = 93.346 ms, UpperFence = 149.101 ms
ConfidenceInterval = [-162.819 ms; 409.416 ms] (CI 99.9%), Margin = 286.118 ms (232.05% of Mean)
Skewness = 0.38, Kurtosis = 0.67, MValue = 2

// ** Remained 8 (88.9 %) benchmark(s) to run. Estimated finish 2026-10-02 19:22 (0h 0m from now) **
Setup power plan (GUID: 8c5e7fda-e8bf-4a96-9a85-a6e23a8c635c FriendlyName: High performance)
// **************************
// Benchmark: ScalingSpikeBenchmarks.ConcurrentPreviews: ShortRun(IterationCount=3, LaunchCount=1, WarmupCount=3) [Threads=1, Layers=geometry]
// *** Execute ***
// Launch: 1 / 1
// Execute: dotnet HexGrid.Benchmarks-ShortRun-1.dll --anonymousPipes 1988 1984 --benchmarkName "HexGrid.Benchmarks.ScalingSpikeBenchmarks.ConcurrentPreviews(Threads: 1, Layers: \"geometry\")" --job ShortRun --benchmarkId 1 in C:\Users\jocvi\Documents\Collection-of-Folders\Programming\CSharp\HexGridGenerator\src\HexGrid.Benchmarks\bin\Release\net10.0-windows\HexGrid.Benchmarks-ShortRun-1\bin\Release\net10.0-Windows7.0
// BeforeAnythingElse

// Benchmark Process Environment Information:
// BenchmarkDotNet v0.15.8
// Runtime=.NET 10.0.12 (10.0.12, 10.0.1226.42308), X64 RyuJIT x86-64-v3
// GC=Concurrent Workstation
// HardwareIntrinsics=AVX2+BMI1+BMI2+F16C+FMA+LZCNT+MOVBE,AVX,SSE3+SSSE3+SSE4.1+SSE4.2+POPCNT,X86Base+SSE+SSE2,AES+PCLMUL,AvxVnni,SERIALIZE VectorSize=256
// Job: ShortRun(IterationCount=3, LaunchCount=1, WarmupCount=3)

OverheadJitting  1: 1 op, 173700.00 ns, 173.7000 us/op
WorkloadJitting  1: 1 op, 88015000.00 ns, 88.0150 ms/op

WorkloadPilot    1: 2 op, 140847200.00 ns, 70.4236 ms/op
WorkloadPilot    2: 3 op, 215206900.00 ns, 71.7356 ms/op
WorkloadPilot    3: 4 op, 260073700.00 ns, 65.0184 ms/op
WorkloadPilot    4: 5 op, 327783200.00 ns, 65.5566 ms/op
WorkloadPilot    5: 6 op, 385069600.00 ns, 64.1783 ms/op
WorkloadPilot    6: 7 op, 488462100.00 ns, 69.7803 ms/op
WorkloadPilot    7: 8 op, 574853000.00 ns, 71.8566 ms/op

WorkloadWarmup   1: 8 op, 590427200.00 ns, 73.8034 ms/op
WorkloadWarmup   2: 8 op, 523005600.00 ns, 65.3757 ms/op
WorkloadWarmup   3: 8 op, 514845900.00 ns, 64.3557 ms/op

// BeforeActualRun
WorkloadActual   1: 8 op, 539558900.00 ns, 67.4449 ms/op
WorkloadActual   2: 8 op, 578629000.00 ns, 72.3286 ms/op
WorkloadActual   3: 8 op, 561899000.00 ns, 70.2374 ms/op

// AfterActualRun
WorkloadResult   1: 8 op, 539558900.00 ns, 67.4449 ms/op
WorkloadResult   2: 8 op, 578629000.00 ns, 72.3286 ms/op
WorkloadResult   3: 8 op, 561899000.00 ns, 70.2374 ms/op
// GC:  1 0 0 19127360 8
// Threading:  0 0 8

// AfterAll
// Benchmark Process 15952 has exited with code 0.

Mean = 70.004 ms, StdErr = 1.415 ms (2.02%), N = 3, StdDev = 2.450 ms
Min = 67.445 ms, Q1 = 68.841 ms, Median = 70.237 ms, Q3 = 71.283 ms, Max = 72.329 ms
IQR = 2.442 ms, LowerFence = 65.178 ms, UpperFence = 74.946 ms
ConfidenceInterval = [25.302 ms; 114.705 ms] (CI 99.9%), Margin = 44.702 ms (63.86% of Mean)
Skewness = -0.09, Kurtosis = 0.67, MValue = 2

// ** Remained 7 (77.8 %) benchmark(s) to run. Estimated finish 2026-10-02 19:22 (0h 0m from now) **
Setup power plan (GUID: 8c5e7fda-e8bf-4a96-9a85-a6e23a8c635c FriendlyName: High performance)
// **************************
// Benchmark: ScalingSpikeBenchmarks.ConcurrentPreviews: ShortRun(IterationCount=3, LaunchCount=1, WarmupCount=3) [Threads=1, Layers=text]
// *** Execute ***
// Launch: 1 / 1
// Execute: dotnet HexGrid.Benchmarks-ShortRun-1.dll --anonymousPipes 960 1984 --benchmarkName "HexGrid.Benchmarks.ScalingSpikeBenchmarks.ConcurrentPreviews(Threads: 1, Layers: \"text\")" --job ShortRun --benchmarkId 2 in C:\Users\jocvi\Documents\Collection-of-Folders\Programming\CSharp\HexGridGenerator\src\HexGrid.Benchmarks\bin\Release\net10.0-windows\HexGrid.Benchmarks-ShortRun-1\bin\Release\net10.0-Windows7.0
// BeforeAnythingElse

// Benchmark Process Environment Information:
// BenchmarkDotNet v0.15.8
// Runtime=.NET 10.0.12 (10.0.12, 10.0.1226.42308), X64 RyuJIT x86-64-v3
// GC=Concurrent Workstation
// HardwareIntrinsics=AVX2+BMI1+BMI2+F16C+FMA+LZCNT+MOVBE,AVX,SSE3+SSSE3+SSE4.1+SSE4.2+POPCNT,X86Base+SSE+SSE2,AES+PCLMUL,AvxVnni,SERIALIZE VectorSize=256
// Job: ShortRun(IterationCount=3, LaunchCount=1, WarmupCount=3)

OverheadJitting  1: 1 op, 138900.00 ns, 138.9000 us/op
WorkloadJitting  1: 1 op, 133381400.00 ns, 133.3814 ms/op

WorkloadPilot    1: 2 op, 109242300.00 ns, 54.6212 ms/op
WorkloadPilot    2: 3 op, 156352200.00 ns, 52.1174 ms/op
WorkloadPilot    3: 4 op, 203499900.00 ns, 50.8750 ms/op
WorkloadPilot    4: 5 op, 260942000.00 ns, 52.1884 ms/op
WorkloadPilot    5: 6 op, 318764800.00 ns, 53.1275 ms/op
WorkloadPilot    6: 7 op, 365982500.00 ns, 52.2832 ms/op
WorkloadPilot    7: 8 op, 408924800.00 ns, 51.1156 ms/op
WorkloadPilot    8: 9 op, 440477200.00 ns, 48.9419 ms/op
WorkloadPilot    9: 10 op, 492054500.00 ns, 49.2055 ms/op
WorkloadPilot   10: 11 op, 536037200.00 ns, 48.7307 ms/op

WorkloadWarmup   1: 11 op, 531007000.00 ns, 48.2734 ms/op
WorkloadWarmup   2: 11 op, 543256300.00 ns, 49.3869 ms/op
WorkloadWarmup   3: 11 op, 609315500.00 ns, 55.3923 ms/op

// BeforeActualRun
WorkloadActual   1: 11 op, 546048600.00 ns, 49.6408 ms/op
WorkloadActual   2: 11 op, 546156900.00 ns, 49.6506 ms/op
WorkloadActual   3: 11 op, 568199200.00 ns, 51.6545 ms/op

// AfterActualRun
WorkloadResult   1: 11 op, 546048600.00 ns, 49.6408 ms/op
WorkloadResult   2: 11 op, 546156900.00 ns, 49.6506 ms/op
WorkloadResult   3: 11 op, 568199200.00 ns, 51.6545 ms/op
// GC:  0 0 0 6784848 11
// Threading:  0 0 11

// AfterAll
// Benchmark Process 11768 has exited with code 0.

Mean = 50.315 ms, StdErr = 0.670 ms (1.33%), N = 3, StdDev = 1.160 ms
Min = 49.641 ms, Q1 = 49.646 ms, Median = 49.651 ms, Q3 = 50.653 ms, Max = 51.654 ms
IQR = 1.007 ms, LowerFence = 48.135 ms, UpperFence = 52.163 ms
ConfidenceInterval = [29.157 ms; 71.474 ms] (CI 99.9%), Margin = 21.159 ms (42.05% of Mean)
Skewness = 0.38, Kurtosis = 0.67, MValue = 2

// ** Remained 6 (66.7 %) benchmark(s) to run. Estimated finish 2026-10-02 19:22 (0h 0m from now) **
Setup power plan (GUID: 8c5e7fda-e8bf-4a96-9a85-a6e23a8c635c FriendlyName: High performance)
// **************************
// Benchmark: ScalingSpikeBenchmarks.ConcurrentPreviews: ShortRun(IterationCount=3, LaunchCount=1, WarmupCount=3) [Threads=4, Layers=all]
// *** Execute ***
// Launch: 1 / 1
// Execute: dotnet HexGrid.Benchmarks-ShortRun-1.dll --anonymousPipes 1764 1768 --benchmarkName "HexGrid.Benchmarks.ScalingSpikeBenchmarks.ConcurrentPreviews(Threads: 4, Layers: \"all\")" --job ShortRun --benchmarkId 3 in C:\Users\jocvi\Documents\Collection-of-Folders\Programming\CSharp\HexGridGenerator\src\HexGrid.Benchmarks\bin\Release\net10.0-windows\HexGrid.Benchmarks-ShortRun-1\bin\Release\net10.0-Windows7.0
// BeforeAnythingElse

// Benchmark Process Environment Information:
// BenchmarkDotNet v0.15.8
// Runtime=.NET 10.0.12 (10.0.12, 10.0.1226.42308), X64 RyuJIT x86-64-v3
// GC=Concurrent Workstation
// HardwareIntrinsics=AVX2+BMI1+BMI2+F16C+FMA+LZCNT+MOVBE,AVX,SSE3+SSSE3+SSE4.1+SSE4.2+POPCNT,X86Base+SSE+SSE2,AES+PCLMUL,AvxVnni,SERIALIZE VectorSize=256
// Job: ShortRun(IterationCount=3, LaunchCount=1, WarmupCount=3)

OverheadJitting  1: 1 op, 143300.00 ns, 143.3000 us/op
WorkloadJitting  1: 1 op, 609881700.00 ns, 609.8817 ms/op

OverheadJitting  2: 1 op, 700.00 ns, 700.0000 ns/op
WorkloadJitting  2: 1 op, 539501900.00 ns, 539.5019 ms/op

WorkloadWarmup   1: 1 op, 535251400.00 ns, 535.2514 ms/op
WorkloadWarmup   2: 1 op, 583833400.00 ns, 583.8334 ms/op
WorkloadWarmup   3: 1 op, 557748500.00 ns, 557.7485 ms/op

// BeforeActualRun
WorkloadActual   1: 1 op, 628672400.00 ns, 628.6724 ms/op
WorkloadActual   2: 1 op, 686957300.00 ns, 686.9573 ms/op
WorkloadActual   3: 1 op, 799538100.00 ns, 799.5381 ms/op

// AfterActualRun
WorkloadResult   1: 1 op, 628672400.00 ns, 628.6724 ms/op
WorkloadResult   2: 1 op, 686957300.00 ns, 686.9573 ms/op
WorkloadResult   3: 1 op, 799538100.00 ns, 799.5381 ms/op
// GC:  0 0 0 12033160 1
// Threading:  4 0 1

// AfterAll
// Benchmark Process 33512 has exited with code 0.

Mean = 705.056 ms, StdErr = 50.148 ms (7.11%), N = 3, StdDev = 86.859 ms
Min = 628.672 ms, Q1 = 657.815 ms, Median = 686.957 ms, Q3 = 743.248 ms, Max = 799.538 ms
IQR = 85.433 ms, LowerFence = 529.666 ms, UpperFence = 871.397 ms
ConfidenceInterval = [-879.571 ms; 2,289.683 ms] (CI 99.9%), Margin = 1,584.627 ms (224.75% of Mean)
Skewness = 0.2, Kurtosis = 0.67, MValue = 2

// ** Remained 5 (55.6 %) benchmark(s) to run. Estimated finish 2026-10-02 19:22 (0h 0m from now) **
Setup power plan (GUID: 8c5e7fda-e8bf-4a96-9a85-a6e23a8c635c FriendlyName: High performance)
// **************************
// Benchmark: ScalingSpikeBenchmarks.ConcurrentPreviews: ShortRun(IterationCount=3, LaunchCount=1, WarmupCount=3) [Threads=4, Layers=geometry]
// *** Execute ***
// Launch: 1 / 1
// Execute: dotnet HexGrid.Benchmarks-ShortRun-1.dll --anonymousPipes 2224 1732 --benchmarkName "HexGrid.Benchmarks.ScalingSpikeBenchmarks.ConcurrentPreviews(Threads: 4, Layers: \"geometry\")" --job ShortRun --benchmarkId 4 in C:\Users\jocvi\Documents\Collection-of-Folders\Programming\CSharp\HexGridGenerator\src\HexGrid.Benchmarks\bin\Release\net10.0-windows\HexGrid.Benchmarks-ShortRun-1\bin\Release\net10.0-Windows7.0
// BeforeAnythingElse

// Benchmark Process Environment Information:
// BenchmarkDotNet v0.15.8
// Runtime=.NET 10.0.12 (10.0.12, 10.0.1226.42308), X64 RyuJIT x86-64-v3
// GC=Concurrent Workstation
// HardwareIntrinsics=AVX2+BMI1+BMI2+F16C+FMA+LZCNT+MOVBE,AVX,SSE3+SSSE3+SSE4.1+SSE4.2+POPCNT,X86Base+SSE+SSE2,AES+PCLMUL,AvxVnni,SERIALIZE VectorSize=256
// Job: ShortRun(IterationCount=3, LaunchCount=1, WarmupCount=3)

OverheadJitting  1: 1 op, 153200.00 ns, 153.2000 us/op
WorkloadJitting  1: 1 op, 275616600.00 ns, 275.6166 ms/op

WorkloadPilot    1: 2 op, 525512700.00 ns, 262.7564 ms/op

WorkloadWarmup   1: 2 op, 552952300.00 ns, 276.4762 ms/op
WorkloadWarmup   2: 2 op, 556525500.00 ns, 278.2628 ms/op
WorkloadWarmup   3: 2 op, 545081900.00 ns, 272.5410 ms/op

// BeforeActualRun
WorkloadActual   1: 2 op, 579468100.00 ns, 289.7341 ms/op
WorkloadActual   2: 2 op, 579841600.00 ns, 289.9208 ms/op
WorkloadActual   3: 2 op, 615252800.00 ns, 307.6264 ms/op

// AfterActualRun
WorkloadResult   1: 2 op, 579468100.00 ns, 289.7341 ms/op
WorkloadResult   2: 2 op, 579841600.00 ns, 289.9208 ms/op
WorkloadResult   3: 2 op, 615252800.00 ns, 307.6264 ms/op
// GC:  1 0 0 19120032 2
// Threading:  8 0 2

// AfterAll
// Benchmark Process 16736 has exited with code 0.

Mean = 295.760 ms, StdErr = 5.933 ms (2.01%), N = 3, StdDev = 10.277 ms
Min = 289.734 ms, Q1 = 289.827 ms, Median = 289.921 ms, Q3 = 298.774 ms, Max = 307.626 ms
IQR = 8.946 ms, LowerFence = 276.408 ms, UpperFence = 312.193 ms
ConfidenceInterval = [108.276 ms; 483.245 ms] (CI 99.9%), Margin = 187.485 ms (63.39% of Mean)
Skewness = 0.38, Kurtosis = 0.67, MValue = 2

// ** Remained 4 (44.4 %) benchmark(s) to run. Estimated finish 2026-10-02 19:22 (0h 0m from now) **
Setup power plan (GUID: 8c5e7fda-e8bf-4a96-9a85-a6e23a8c635c FriendlyName: High performance)
// **************************
// Benchmark: ScalingSpikeBenchmarks.ConcurrentPreviews: ShortRun(IterationCount=3, LaunchCount=1, WarmupCount=3) [Threads=4, Layers=text]
// *** Execute ***
// Launch: 1 / 1
// Execute: dotnet HexGrid.Benchmarks-ShortRun-1.dll --anonymousPipes 1984 2388 --benchmarkName "HexGrid.Benchmarks.ScalingSpikeBenchmarks.ConcurrentPreviews(Threads: 4, Layers: \"text\")" --job ShortRun --benchmarkId 5 in C:\Users\jocvi\Documents\Collection-of-Folders\Programming\CSharp\HexGridGenerator\src\HexGrid.Benchmarks\bin\Release\net10.0-windows\HexGrid.Benchmarks-ShortRun-1\bin\Release\net10.0-Windows7.0
// BeforeAnythingElse

// Benchmark Process Environment Information:
// BenchmarkDotNet v0.15.8
// Runtime=.NET 10.0.12 (10.0.12, 10.0.1226.42308), X64 RyuJIT x86-64-v3
// GC=Concurrent Workstation
// HardwareIntrinsics=AVX2+BMI1+BMI2+F16C+FMA+LZCNT+MOVBE,AVX,SSE3+SSSE3+SSE4.1+SSE4.2+POPCNT,X86Base+SSE+SSE2,AES+PCLMUL,AvxVnni,SERIALIZE VectorSize=256
// Job: ShortRun(IterationCount=3, LaunchCount=1, WarmupCount=3)

OverheadJitting  1: 1 op, 148600.00 ns, 148.6000 us/op
WorkloadJitting  1: 1 op, 442237800.00 ns, 442.2378 ms/op

OverheadJitting  2: 1 op, 1000.00 ns, 1.0000 us/op
WorkloadJitting  2: 1 op, 423570600.00 ns, 423.5706 ms/op

WorkloadWarmup   1: 1 op, 358720100.00 ns, 358.7201 ms/op
WorkloadWarmup   2: 1 op, 301564500.00 ns, 301.5645 ms/op
WorkloadWarmup   3: 1 op, 309355200.00 ns, 309.3552 ms/op

// BeforeActualRun
WorkloadActual   1: 1 op, 312314700.00 ns, 312.3147 ms/op
WorkloadActual   2: 1 op, 312631900.00 ns, 312.6319 ms/op
WorkloadActual   3: 1 op, 300804800.00 ns, 300.8048 ms/op

// AfterActualRun
WorkloadResult   1: 1 op, 312314700.00 ns, 312.3147 ms/op
WorkloadResult   2: 1 op, 312631900.00 ns, 312.6319 ms/op
WorkloadResult   3: 1 op, 300804800.00 ns, 300.8048 ms/op
// GC:  0 0 0 2463576 1
// Threading:  4 0 1

// AfterAll
// Benchmark Process 35756 has exited with code 0.

Mean = 308.584 ms, StdErr = 3.891 ms (1.26%), N = 3, StdDev = 6.739 ms
Min = 300.805 ms, Q1 = 306.560 ms, Median = 312.315 ms, Q3 = 312.473 ms, Max = 312.632 ms
IQR = 5.914 ms, LowerFence = 297.689 ms, UpperFence = 321.344 ms
ConfidenceInterval = [185.645 ms; 431.522 ms] (CI 99.9%), Margin = 122.939 ms (39.84% of Mean)
Skewness = -0.38, Kurtosis = 0.67, MValue = 2

// ** Remained 3 (33.3 %) benchmark(s) to run. Estimated finish 2026-10-02 19:22 (0h 0m from now) **
Setup power plan (GUID: 8c5e7fda-e8bf-4a96-9a85-a6e23a8c635c FriendlyName: High performance)
// **************************
// Benchmark: ScalingSpikeBenchmarks.ConcurrentPreviews: ShortRun(IterationCount=3, LaunchCount=1, WarmupCount=3) [Threads=8, Layers=all]
// *** Execute ***
// Launch: 1 / 1
// Execute: dotnet HexGrid.Benchmarks-ShortRun-1.dll --anonymousPipes 1984 2388 --benchmarkName "HexGrid.Benchmarks.ScalingSpikeBenchmarks.ConcurrentPreviews(Threads: 8, Layers: \"all\")" --job ShortRun --benchmarkId 6 in C:\Users\jocvi\Documents\Collection-of-Folders\Programming\CSharp\HexGridGenerator\src\HexGrid.Benchmarks\bin\Release\net10.0-windows\HexGrid.Benchmarks-ShortRun-1\bin\Release\net10.0-Windows7.0
// BeforeAnythingElse

// Benchmark Process Environment Information:
// BenchmarkDotNet v0.15.8
// Runtime=.NET 10.0.12 (10.0.12, 10.0.1226.42308), X64 RyuJIT x86-64-v3
// GC=Concurrent Workstation
// HardwareIntrinsics=AVX2+BMI1+BMI2+F16C+FMA+LZCNT+MOVBE,AVX,SSE3+SSSE3+SSE4.1+SSE4.2+POPCNT,X86Base+SSE+SSE2,AES+PCLMUL,AvxVnni,SERIALIZE VectorSize=256
// Job: ShortRun(IterationCount=3, LaunchCount=1, WarmupCount=3)

OverheadJitting  1: 1 op, 226000.00 ns, 226.0000 us/op
WorkloadJitting  1: 1 op, 1762027200.00 ns, 1.7620 s/op

OverheadJitting  2: 1 op, 1200.00 ns, 1.2000 us/op
WorkloadJitting  2: 1 op, 1852348200.00 ns, 1.8523 s/op

WorkloadWarmup   1: 1 op, 1815629100.00 ns, 1.8156 s/op
WorkloadWarmup   2: 1 op, 2095309300.00 ns, 2.0953 s/op
WorkloadWarmup   3: 1 op, 1917289600.00 ns, 1.9173 s/op

// BeforeActualRun
WorkloadActual   1: 1 op, 1820642900.00 ns, 1.8206 s/op
WorkloadActual   2: 1 op, 1904800900.00 ns, 1.9048 s/op
WorkloadActual   3: 1 op, 1871463400.00 ns, 1.8715 s/op

// AfterActualRun
WorkloadResult   1: 1 op, 1820642900.00 ns, 1.8206 s/op
WorkloadResult   2: 1 op, 1904800900.00 ns, 1.9048 s/op
WorkloadResult   3: 1 op, 1871463400.00 ns, 1.8715 s/op
// GC:  1 0 0 24040640 1
// Threading:  14 0 1

// AfterAll
// Benchmark Process 24348 has exited with code 0.

Mean = 1.866 s, StdErr = 0.024 s (1.31%), N = 3, StdDev = 0.042 s
Min = 1.821 s, Q1 = 1.846 s, Median = 1.871 s, Q3 = 1.888 s, Max = 1.905 s
IQR = 0.042 s, LowerFence = 1.783 s, UpperFence = 1.951 s
ConfidenceInterval = [1.092 s; 2.639 s] (CI 99.9%), Margin = 0.773 s (41.44% of Mean)
Skewness = -0.13, Kurtosis = 0.67, MValue = 2

// ** Remained 2 (22.2 %) benchmark(s) to run. Estimated finish 2026-10-02 19:22 (0h 0m from now) **
Setup power plan (GUID: 8c5e7fda-e8bf-4a96-9a85-a6e23a8c635c FriendlyName: High performance)
// **************************
// Benchmark: ScalingSpikeBenchmarks.ConcurrentPreviews: ShortRun(IterationCount=3, LaunchCount=1, WarmupCount=3) [Threads=8, Layers=geometry]
// *** Execute ***
// Launch: 1 / 1
// Execute: dotnet HexGrid.Benchmarks-ShortRun-1.dll --anonymousPipes 1700 1704 --benchmarkName "HexGrid.Benchmarks.ScalingSpikeBenchmarks.ConcurrentPreviews(Threads: 8, Layers: \"geometry\")" --job ShortRun --benchmarkId 7 in C:\Users\jocvi\Documents\Collection-of-Folders\Programming\CSharp\HexGridGenerator\src\HexGrid.Benchmarks\bin\Release\net10.0-windows\HexGrid.Benchmarks-ShortRun-1\bin\Release\net10.0-Windows7.0
// BeforeAnythingElse

// Benchmark Process Environment Information:
// BenchmarkDotNet v0.15.8
// Runtime=.NET 10.0.12 (10.0.12, 10.0.1226.42308), X64 RyuJIT x86-64-v3
// GC=Concurrent Workstation
// HardwareIntrinsics=AVX2+BMI1+BMI2+F16C+FMA+LZCNT+MOVBE,AVX,SSE3+SSSE3+SSE4.1+SSE4.2+POPCNT,X86Base+SSE+SSE2,AES+PCLMUL,AvxVnni,SERIALIZE VectorSize=256
// Job: ShortRun(IterationCount=3, LaunchCount=1, WarmupCount=3)

OverheadJitting  1: 1 op, 148500.00 ns, 148.5000 us/op
WorkloadJitting  1: 1 op, 806219900.00 ns, 806.2199 ms/op

OverheadJitting  2: 1 op, 900.00 ns, 900.0000 ns/op
WorkloadJitting  2: 1 op, 802408700.00 ns, 802.4087 ms/op

WorkloadWarmup   1: 1 op, 852706900.00 ns, 852.7069 ms/op
WorkloadWarmup   2: 1 op, 872523600.00 ns, 872.5236 ms/op
WorkloadWarmup   3: 1 op, 801455800.00 ns, 801.4558 ms/op

// BeforeActualRun
WorkloadActual   1: 1 op, 792248700.00 ns, 792.2487 ms/op
WorkloadActual   2: 1 op, 885663100.00 ns, 885.6631 ms/op
WorkloadActual   3: 1 op, 788790400.00 ns, 788.7904 ms/op

// AfterActualRun
WorkloadResult   1: 1 op, 792248700.00 ns, 792.2487 ms/op
WorkloadResult   2: 1 op, 885663100.00 ns, 885.6631 ms/op
WorkloadResult   3: 1 op, 788790400.00 ns, 788.7904 ms/op
// GC:  1 0 0 19118832 1
// Threading:  11 0 1

// AfterAll
// Benchmark Process 40396 has exited with code 0.

Mean = 822.234 ms, StdErr = 31.730 ms (3.86%), N = 3, StdDev = 54.958 ms
Min = 788.790 ms, Q1 = 790.520 ms, Median = 792.249 ms, Q3 = 838.956 ms, Max = 885.663 ms
IQR = 48.436 ms, LowerFence = 717.865 ms, UpperFence = 911.610 ms
ConfidenceInterval = [-180.411 ms; 1,824.879 ms] (CI 99.9%), Margin = 1,002.645 ms (121.94% of Mean)
Skewness = 0.38, Kurtosis = 0.67, MValue = 2

// ** Remained 1 (11.1 %) benchmark(s) to run. Estimated finish 2026-10-02 19:22 (0h 0m from now) **
Setup power plan (GUID: 8c5e7fda-e8bf-4a96-9a85-a6e23a8c635c FriendlyName: High performance)
// **************************
// Benchmark: ScalingSpikeBenchmarks.ConcurrentPreviews: ShortRun(IterationCount=3, LaunchCount=1, WarmupCount=3) [Threads=8, Layers=text]
// *** Execute ***
// Launch: 1 / 1
// Execute: dotnet HexGrid.Benchmarks-ShortRun-1.dll --anonymousPipes 1672 1736 --benchmarkName "HexGrid.Benchmarks.ScalingSpikeBenchmarks.ConcurrentPreviews(Threads: 8, Layers: \"text\")" --job ShortRun --benchmarkId 8 in C:\Users\jocvi\Documents\Collection-of-Folders\Programming\CSharp\HexGridGenerator\src\HexGrid.Benchmarks\bin\Release\net10.0-windows\HexGrid.Benchmarks-ShortRun-1\bin\Release\net10.0-Windows7.0
// BeforeAnythingElse

// Benchmark Process Environment Information:
// BenchmarkDotNet v0.15.8
// Runtime=.NET 10.0.12 (10.0.12, 10.0.1226.42308), X64 RyuJIT x86-64-v3
// GC=Concurrent Workstation
// HardwareIntrinsics=AVX2+BMI1+BMI2+F16C+FMA+LZCNT+MOVBE,AVX,SSE3+SSSE3+SSE4.1+SSE4.2+POPCNT,X86Base+SSE+SSE2,AES+PCLMUL,AvxVnni,SERIALIZE VectorSize=256
// Job: ShortRun(IterationCount=3, LaunchCount=1, WarmupCount=3)

OverheadJitting  1: 1 op, 182100.00 ns, 182.1000 us/op
WorkloadJitting  1: 1 op, 821772800.00 ns, 821.7728 ms/op

OverheadJitting  2: 1 op, 800.00 ns, 800.0000 ns/op
WorkloadJitting  2: 1 op, 728607600.00 ns, 728.6076 ms/op

WorkloadWarmup   1: 1 op, 717020000.00 ns, 717.0200 ms/op
WorkloadWarmup   2: 1 op, 794830600.00 ns, 794.8306 ms/op
WorkloadWarmup   3: 1 op, 839363000.00 ns, 839.3630 ms/op

// BeforeActualRun
WorkloadActual   1: 1 op, 862238000.00 ns, 862.2380 ms/op
WorkloadActual   2: 1 op, 1030175500.00 ns, 1.0302 s/op
WorkloadActual   3: 1 op, 887550200.00 ns, 887.5502 ms/op

// AfterActualRun
WorkloadResult   1: 1 op, 862238000.00 ns, 862.2380 ms/op
WorkloadResult   2: 1 op, 1030175500.00 ns, 1.0302 s/op
WorkloadResult   3: 1 op, 887550200.00 ns, 887.5502 ms/op
// GC:  0 0 0 4926000 1
// Threading:  12 0 1

// AfterAll
// Benchmark Process 35504 has exited with code 0.

Mean = 926.655 ms, StdErr = 52.274 ms (5.64%), N = 3, StdDev = 90.541 ms
Min = 862.238 ms, Q1 = 874.894 ms, Median = 887.550 ms, Q3 = 958.863 ms, Max = 1,030.176 ms
IQR = 83.969 ms, LowerFence = 748.941 ms, UpperFence = 1,084.816 ms
ConfidenceInterval = [-725.144 ms; 2,578.454 ms] (CI 99.9%), Margin = 1,651.799 ms (178.25% of Mean)
Skewness = 0.35, Kurtosis = 0.67, MValue = 2

// ** Remained 0 (0.0 %) benchmark(s) to run. Estimated finish 2026-10-02 19:22 (0h 0m from now) **
Successfully reverted power plan (GUID: 381b4222-f694-41f0-9685-ff5bb260df2e FriendlyName: Balanced)
// ***** BenchmarkRunner: Finish  *****

// * Export *
  BenchmarkDotNet.Artifacts\results\HexGrid.Benchmarks.ScalingSpikeBenchmarks-report.csv
  BenchmarkDotNet.Artifacts\results\HexGrid.Benchmarks.ScalingSpikeBenchmarks-report-github.md
  BenchmarkDotNet.Artifacts\results\HexGrid.Benchmarks.ScalingSpikeBenchmarks-report.html

// * Detailed results *
ScalingSpikeBenchmarks.ConcurrentPreviews: ShortRun(IterationCount=3, LaunchCount=1, WarmupCount=3) [Threads=1, Layers=all]
Runtime = .NET 10.0.12 (10.0.12, 10.0.1226.42308), X64 RyuJIT x86-64-v3; GC = Concurrent Workstation
Mean = 123.298 ms, StdErr = 9.055 ms (7.34%), N = 3, StdDev = 15.683 ms
Min = 113.509 ms, Q1 = 114.254 ms, Median = 114.999 ms, Q3 = 128.193 ms, Max = 141.387 ms
IQR = 13.939 ms, LowerFence = 93.346 ms, UpperFence = 149.101 ms
ConfidenceInterval = [-162.819 ms; 409.416 ms] (CI 99.9%), Margin = 286.118 ms (232.05% of Mean)
Skewness = 0.38, Kurtosis = 0.67, MValue = 2
-------------------- Histogram --------------------
[113.176 ms ; 141.720 ms) | @@@
---------------------------------------------------

ScalingSpikeBenchmarks.ConcurrentPreviews: ShortRun(IterationCount=3, LaunchCount=1, WarmupCount=3) [Threads=1, Layers=geometry]
Runtime = .NET 10.0.12 (10.0.12, 10.0.1226.42308), X64 RyuJIT x86-64-v3; GC = Concurrent Workstation
Mean = 70.004 ms, StdErr = 1.415 ms (2.02%), N = 3, StdDev = 2.450 ms
Min = 67.445 ms, Q1 = 68.841 ms, Median = 70.237 ms, Q3 = 71.283 ms, Max = 72.329 ms
IQR = 2.442 ms, LowerFence = 65.178 ms, UpperFence = 74.946 ms
ConfidenceInterval = [25.302 ms; 114.705 ms] (CI 99.9%), Margin = 44.702 ms (63.86% of Mean)
Skewness = -0.09, Kurtosis = 0.67, MValue = 2
-------------------- Histogram --------------------
[65.215 ms ; 69.053 ms) | @
[69.053 ms ; 73.513 ms) | @@
---------------------------------------------------

ScalingSpikeBenchmarks.ConcurrentPreviews: ShortRun(IterationCount=3, LaunchCount=1, WarmupCount=3) [Threads=1, Layers=text]
Runtime = .NET 10.0.12 (10.0.12, 10.0.1226.42308), X64 RyuJIT x86-64-v3; GC = Concurrent Workstation
Mean = 50.315 ms, StdErr = 0.670 ms (1.33%), N = 3, StdDev = 1.160 ms
Min = 49.641 ms, Q1 = 49.646 ms, Median = 49.651 ms, Q3 = 50.653 ms, Max = 51.654 ms
IQR = 1.007 ms, LowerFence = 48.135 ms, UpperFence = 52.163 ms
ConfidenceInterval = [29.157 ms; 71.474 ms] (CI 99.9%), Margin = 21.159 ms (42.05% of Mean)
Skewness = 0.38, Kurtosis = 0.67, MValue = 2
-------------------- Histogram --------------------
[49.592 ms ; 51.703 ms) | @@@
---------------------------------------------------

ScalingSpikeBenchmarks.ConcurrentPreviews: ShortRun(IterationCount=3, LaunchCount=1, WarmupCount=3) [Threads=4, Layers=all]
Runtime = .NET 10.0.12 (10.0.12, 10.0.1226.42308), X64 RyuJIT x86-64-v3; GC = Concurrent Workstation
Mean = 705.056 ms, StdErr = 50.148 ms (7.11%), N = 3, StdDev = 86.859 ms
Min = 628.672 ms, Q1 = 657.815 ms, Median = 686.957 ms, Q3 = 743.248 ms, Max = 799.538 ms
IQR = 85.433 ms, LowerFence = 529.666 ms, UpperFence = 871.397 ms
ConfidenceInterval = [-879.571 ms; 2,289.683 ms] (CI 99.9%), Margin = 1,584.627 ms (224.75% of Mean)
Skewness = 0.2, Kurtosis = 0.67, MValue = 2
-------------------- Histogram --------------------
[578.770 ms ; 736.859 ms) | @@
[736.859 ms ; 878.583 ms) | @
---------------------------------------------------

ScalingSpikeBenchmarks.ConcurrentPreviews: ShortRun(IterationCount=3, LaunchCount=1, WarmupCount=3) [Threads=4, Layers=geometry]
Runtime = .NET 10.0.12 (10.0.12, 10.0.1226.42308), X64 RyuJIT x86-64-v3; GC = Concurrent Workstation
Mean = 295.760 ms, StdErr = 5.933 ms (2.01%), N = 3, StdDev = 10.277 ms
Min = 289.734 ms, Q1 = 289.827 ms, Median = 289.921 ms, Q3 = 298.774 ms, Max = 307.626 ms
IQR = 8.946 ms, LowerFence = 276.408 ms, UpperFence = 312.193 ms
ConfidenceInterval = [108.276 ms; 483.245 ms] (CI 99.9%), Margin = 187.485 ms (63.39% of Mean)
Skewness = 0.38, Kurtosis = 0.67, MValue = 2
-------------------- Histogram --------------------
[289.328 ms ; 308.032 ms) | @@@
---------------------------------------------------

ScalingSpikeBenchmarks.ConcurrentPreviews: ShortRun(IterationCount=3, LaunchCount=1, WarmupCount=3) [Threads=4, Layers=text]
Runtime = .NET 10.0.12 (10.0.12, 10.0.1226.42308), X64 RyuJIT x86-64-v3; GC = Concurrent Workstation
Mean = 308.584 ms, StdErr = 3.891 ms (1.26%), N = 3, StdDev = 6.739 ms
Min = 300.805 ms, Q1 = 306.560 ms, Median = 312.315 ms, Q3 = 312.473 ms, Max = 312.632 ms
IQR = 5.914 ms, LowerFence = 297.689 ms, UpperFence = 321.344 ms
ConfidenceInterval = [185.645 ms; 431.522 ms] (CI 99.9%), Margin = 122.939 ms (39.84% of Mean)
Skewness = -0.38, Kurtosis = 0.67, MValue = 2
-------------------- Histogram --------------------
[300.586 ms ; 312.851 ms) | @@@
---------------------------------------------------

ScalingSpikeBenchmarks.ConcurrentPreviews: ShortRun(IterationCount=3, LaunchCount=1, WarmupCount=3) [Threads=8, Layers=all]
Runtime = .NET 10.0.12 (10.0.12, 10.0.1226.42308), X64 RyuJIT x86-64-v3; GC = Concurrent Workstation
Mean = 1.866 s, StdErr = 0.024 s (1.31%), N = 3, StdDev = 0.042 s
Min = 1.821 s, Q1 = 1.846 s, Median = 1.871 s, Q3 = 1.888 s, Max = 1.905 s
IQR = 0.042 s, LowerFence = 1.783 s, UpperFence = 1.951 s
ConfidenceInterval = [1.092 s; 2.639 s] (CI 99.9%), Margin = 0.773 s (41.44% of Mean)
Skewness = -0.13, Kurtosis = 0.67, MValue = 2
-------------------- Histogram --------------------
[1.782 s ; 1.850 s) | @
[1.850 s ; 1.927 s) | @@
---------------------------------------------------

ScalingSpikeBenchmarks.ConcurrentPreviews: ShortRun(IterationCount=3, LaunchCount=1, WarmupCount=3) [Threads=8, Layers=geometry]
Runtime = .NET 10.0.12 (10.0.12, 10.0.1226.42308), X64 RyuJIT x86-64-v3; GC = Concurrent Workstation
Mean = 822.234 ms, StdErr = 31.730 ms (3.86%), N = 3, StdDev = 54.958 ms
Min = 788.790 ms, Q1 = 790.520 ms, Median = 792.249 ms, Q3 = 838.956 ms, Max = 885.663 ms
IQR = 48.436 ms, LowerFence = 717.865 ms, UpperFence = 911.610 ms
ConfidenceInterval = [-180.411 ms; 1,824.879 ms] (CI 99.9%), Margin = 1,002.645 ms (121.94% of Mean)
Skewness = 0.38, Kurtosis = 0.67, MValue = 2
-------------------- Histogram --------------------
[787.213 ms ; 887.241 ms) | @@@
---------------------------------------------------

ScalingSpikeBenchmarks.ConcurrentPreviews: ShortRun(IterationCount=3, LaunchCount=1, WarmupCount=3) [Threads=8, Layers=text]
Runtime = .NET 10.0.12 (10.0.12, 10.0.1226.42308), X64 RyuJIT x86-64-v3; GC = Concurrent Workstation
Mean = 926.655 ms, StdErr = 52.274 ms (5.64%), N = 3, StdDev = 90.541 ms
Min = 862.238 ms, Q1 = 874.894 ms, Median = 887.550 ms, Q3 = 958.863 ms, Max = 1,030.176 ms
IQR = 83.969 ms, LowerFence = 748.941 ms, UpperFence = 1,084.816 ms
ConfidenceInterval = [-725.144 ms; 2,578.454 ms] (CI 99.9%), Margin = 1,651.799 ms (178.25% of Mean)
Skewness = 0.35, Kurtosis = 0.67, MValue = 2
-------------------- Histogram --------------------
[779.843 ms ;   957.289 ms) | @@
[957.289 ms ; 1,112.571 ms) | @
---------------------------------------------------

// * Summary *

BenchmarkDotNet v0.15.8, Windows 11 (10.0.26200.9457/25H2/2025Update/HudsonValley2)
12th Gen Intel Core i9-12900HX 2.30GHz, 1 CPU, 24 logical and 16 physical cores
.NET SDK 10.0.401
  [Host]   : .NET 10.0.12 (10.0.12, 10.0.1226.42308), X64 RyuJIT x86-64-v3
  ShortRun : .NET 10.0.12 (10.0.12, 10.0.1226.42308), X64 RyuJIT x86-64-v3

Job=ShortRun  IterationCount=3  LaunchCount=1  
WarmupCount=3  

| Method             | Threads | Layers   | Mean        | Error       | StdDev    | Gen0      | Allocated   |
|------------------- |-------- |--------- |------------:|------------:|----------:|----------:|------------:|
| ConcurrentPreviews | 1       | all      |   123.30 ms |   286.12 ms | 15.683 ms |         - |  2935.65 KB |
| ConcurrentPreviews | 1       | geometry |    70.00 ms |    44.70 ms |  2.450 ms |  125.0000 |  2334.88 KB |
| ConcurrentPreviews | 1       | text     |    50.32 ms |    21.16 ms |  1.160 ms |         - |   602.35 KB |
| ConcurrentPreviews | 4       | all      |   705.06 ms | 1,584.63 ms | 86.859 ms |         - | 11751.13 KB |
| ConcurrentPreviews | 4       | geometry |   295.76 ms |   187.48 ms | 10.277 ms |  500.0000 |  9335.95 KB |
| ConcurrentPreviews | 4       | text     |   308.58 ms |   122.94 ms |  6.739 ms |         - |  2405.84 KB |
| ConcurrentPreviews | 8       | all      | 1,865.64 ms |   773.18 ms | 42.381 ms | 1000.0000 | 23477.19 KB |
| ConcurrentPreviews | 8       | geometry |   822.23 ms | 1,002.65 ms | 54.958 ms | 1000.0000 | 18670.73 KB |
| ConcurrentPreviews | 8       | text     |   926.65 ms | 1,651.80 ms | 90.541 ms |         - |  4810.55 KB |

// * Legends *
  Threads   : Value of the 'Threads' parameter
  Layers    : Value of the 'Layers' parameter
  Mean      : Arithmetic mean of all measurements
  Error     : Half of 99.9% confidence interval
  StdDev    : Standard deviation of all measurements
  Gen0      : GC Generation 0 collects per 1000 operations
  Allocated : Allocated memory per single operation (managed only, inclusive, 1KB = 1024B)
  1 ms      : 1 Millisecond (0.001 sec)

// * Diagnostic Output - MemoryDiagnoser *


// ***** BenchmarkRunner: End *****
Run time: 00:01:12 (72.04 sec), executed benchmarks: 9

Global total time: 00:01:31 (91.56 sec), executed benchmarks: 9
// * Artifacts cleanup *
Artifacts cleanup is finished
