// Validating benchmarks:
// ***** BenchmarkRunner: Start   *****
// ***** Found 2 benchmark(s) in total *****
// ***** Building 1 exe(s) in Parallel: Start   *****
// start dotnet  restore --nodeReuse:false /p:UseSharedCompilation=false /p:Deterministic=true /p:Optimize=true /p:ArtifactsPath="C:\Users\jocvi\Documents\Collection-of-Folders\Programming\CSharp\HexGridGenerator\src\HexGrid.Benchmarks\bin\Release\net10.0-windows\HexGrid.Benchmarks-Job-KRRUPJ-1/" /p:OutDir="C:\Users\jocvi\Documents\Collection-of-Folders\Programming\CSharp\HexGridGenerator\src\HexGrid.Benchmarks\bin\Release\net10.0-windows\HexGrid.Benchmarks-Job-KRRUPJ-1\bin\Release\net10.0-Windows7.0/" /p:OutputPath="C:\Users\jocvi\Documents\Collection-of-Folders\Programming\CSharp\HexGridGenerator\src\HexGrid.Benchmarks\bin\Release\net10.0-windows\HexGrid.Benchmarks-Job-KRRUPJ-1\bin\Release\net10.0-Windows7.0/" /p:PublishDir="C:\Users\jocvi\Documents\Collection-of-Folders\Programming\CSharp\HexGridGenerator\src\HexGrid.Benchmarks\bin\Release\net10.0-windows\HexGrid.Benchmarks-Job-KRRUPJ-1\publish/" in C:\Users\jocvi\Documents\Collection-of-Folders\Programming\CSharp\HexGridGenerator\src\HexGrid.Benchmarks\bin\Release\net10.0-windows\HexGrid.Benchmarks-Job-KRRUPJ-1
// command took 2.43 sec and exited with 0
// start dotnet  build -c Release --no-restore --nodeReuse:false /p:UseSharedCompilation=false /p:Deterministic=true /p:Optimize=true /p:ArtifactsPath="C:\Users\jocvi\Documents\Collection-of-Folders\Programming\CSharp\HexGridGenerator\src\HexGrid.Benchmarks\bin\Release\net10.0-windows\HexGrid.Benchmarks-Job-KRRUPJ-1/" /p:OutDir="C:\Users\jocvi\Documents\Collection-of-Folders\Programming\CSharp\HexGridGenerator\src\HexGrid.Benchmarks\bin\Release\net10.0-windows\HexGrid.Benchmarks-Job-KRRUPJ-1\bin\Release\net10.0-Windows7.0/" /p:OutputPath="C:\Users\jocvi\Documents\Collection-of-Folders\Programming\CSharp\HexGridGenerator\src\HexGrid.Benchmarks\bin\Release\net10.0-windows\HexGrid.Benchmarks-Job-KRRUPJ-1\bin\Release\net10.0-Windows7.0/" /p:PublishDir="C:\Users\jocvi\Documents\Collection-of-Folders\Programming\CSharp\HexGridGenerator\src\HexGrid.Benchmarks\bin\Release\net10.0-windows\HexGrid.Benchmarks-Job-KRRUPJ-1\publish/" --output "C:\Users\jocvi\Documents\Collection-of-Folders\Programming\CSharp\HexGridGenerator\src\HexGrid.Benchmarks\bin\Release\net10.0-windows\HexGrid.Benchmarks-Job-KRRUPJ-1\bin\Release\net10.0-Windows7.0/" in C:\Users\jocvi\Documents\Collection-of-Folders\Programming\CSharp\HexGridGenerator\src\HexGrid.Benchmarks\bin\Release\net10.0-windows\HexGrid.Benchmarks-Job-KRRUPJ-1
// command took 14.41 sec and exited with 0
// ***** Done, took 00:00:16 (16.98 sec)   *****
// Found 2 benchmarks:
//   PreviewViewportBenchmarks.WholeCanvas: Job-KRRUPJ(IterationCount=8, LaunchCount=1, WarmupCount=2) [ZoomOfFit=1]
//   PreviewViewportBenchmarks.WholeCanvas: Job-KRRUPJ(IterationCount=8, LaunchCount=1, WarmupCount=2) [ZoomOfFit=4]

Setup power plan (GUID: 8c5e7fda-e8bf-4a96-9a85-a6e23a8c635c FriendlyName: High performance)
// **************************
// Benchmark: PreviewViewportBenchmarks.WholeCanvas: Job-KRRUPJ(IterationCount=8, LaunchCount=1, WarmupCount=2) [ZoomOfFit=1]
// *** Execute ***
// Launch: 1 / 1
// Execute: dotnet HexGrid.Benchmarks-Job-KRRUPJ-1.dll --anonymousPipes 1516 1520 --benchmarkName "HexGrid.Benchmarks.PreviewViewportBenchmarks.WholeCanvas(ZoomOfFit: 1)" --job "IterationCount=8, LaunchCount=1, WarmupCount=2" --benchmarkId 0 in C:\Users\jocvi\Documents\Collection-of-Folders\Programming\CSharp\HexGridGenerator\src\HexGrid.Benchmarks\bin\Release\net10.0-windows\HexGrid.Benchmarks-Job-KRRUPJ-1\bin\Release\net10.0-Windows7.0
// BeforeAnythingElse

// Benchmark Process Environment Information:
// BenchmarkDotNet v0.15.8
// Runtime=.NET 10.0.12 (10.0.12, 10.0.1226.42308), X64 RyuJIT x86-64-v3
// GC=Concurrent Workstation
// HardwareIntrinsics=AVX2+BMI1+BMI2+F16C+FMA+LZCNT+MOVBE,AVX,SSE3+SSSE3+SSE4.1+SSE4.2+POPCNT,X86Base+SSE+SSE2,AES+PCLMUL,AvxVnni,SERIALIZE VectorSize=256
// Job: Job-KRRUPJ(IterationCount=8, LaunchCount=1, WarmupCount=2)

OverheadJitting  1: 1 op, 215300.00 ns, 215.3000 us/op
WorkloadJitting  1: 1 op, 272255600.00 ns, 272.2556 ms/op

WorkloadPilot    1: 2 op, 325870700.00 ns, 162.9354 ms/op
WorkloadPilot    2: 3 op, 489042200.00 ns, 163.0141 ms/op
WorkloadPilot    3: 4 op, 615700600.00 ns, 153.9252 ms/op

WorkloadWarmup   1: 4 op, 593682000.00 ns, 148.4205 ms/op
WorkloadWarmup   2: 4 op, 603900600.00 ns, 150.9752 ms/op

// BeforeActualRun
WorkloadActual   1: 4 op, 593424500.00 ns, 148.3561 ms/op
WorkloadActual   2: 4 op, 716892200.00 ns, 179.2231 ms/op
WorkloadActual   3: 4 op, 729348500.00 ns, 182.3371 ms/op
WorkloadActual   4: 4 op, 680258500.00 ns, 170.0646 ms/op
WorkloadActual   5: 4 op, 591529100.00 ns, 147.8823 ms/op
WorkloadActual   6: 4 op, 557570900.00 ns, 139.3927 ms/op
WorkloadActual   7: 4 op, 547710200.00 ns, 136.9276 ms/op
WorkloadActual   8: 4 op, 553693400.00 ns, 138.4234 ms/op

// AfterActualRun
WorkloadResult   1: 4 op, 593424500.00 ns, 148.3561 ms/op
WorkloadResult   2: 4 op, 716892200.00 ns, 179.2231 ms/op
WorkloadResult   3: 4 op, 729348500.00 ns, 182.3371 ms/op
WorkloadResult   4: 4 op, 680258500.00 ns, 170.0646 ms/op
WorkloadResult   5: 4 op, 591529100.00 ns, 147.8823 ms/op
WorkloadResult   6: 4 op, 557570900.00 ns, 139.3927 ms/op
WorkloadResult   7: 4 op, 547710200.00 ns, 136.9276 ms/op
WorkloadResult   8: 4 op, 553693400.00 ns, 138.4234 ms/op
// GC:  0 0 0 1792 4
// Threading:  0 0 4

// AfterAll
// Benchmark Process 59768 has exited with code 0.

Mean = 155.326 ms, StdErr = 6.681 ms (4.30%), N = 8, StdDev = 18.898 ms
Min = 136.928 ms, Q1 = 139.150 ms, Median = 148.119 ms, Q3 = 172.354 ms, Max = 182.337 ms
IQR = 33.204 ms, LowerFence = 89.345 ms, UpperFence = 222.160 ms
ConfidenceInterval = [119.193 ms; 191.458 ms] (CI 99.9%), Margin = 36.133 ms (23.26% of Mean)
Skewness = 0.38, Kurtosis = 1.15, MValue = 3.2

// ** Remained 1 (50.0 %) benchmark(s) to run. Estimated finish 2026-10-03 9:49 (0h 0m from now) **
Setup power plan (GUID: 8c5e7fda-e8bf-4a96-9a85-a6e23a8c635c FriendlyName: High performance)
// **************************
// Benchmark: PreviewViewportBenchmarks.WholeCanvas: Job-KRRUPJ(IterationCount=8, LaunchCount=1, WarmupCount=2) [ZoomOfFit=4]
// *** Execute ***
// Launch: 1 / 1
// Execute: dotnet HexGrid.Benchmarks-Job-KRRUPJ-1.dll --anonymousPipes 1480 1484 --benchmarkName "HexGrid.Benchmarks.PreviewViewportBenchmarks.WholeCanvas(ZoomOfFit: 4)" --job "IterationCount=8, LaunchCount=1, WarmupCount=2" --benchmarkId 1 in C:\Users\jocvi\Documents\Collection-of-Folders\Programming\CSharp\HexGridGenerator\src\HexGrid.Benchmarks\bin\Release\net10.0-windows\HexGrid.Benchmarks-Job-KRRUPJ-1\bin\Release\net10.0-Windows7.0
// BeforeAnythingElse

// Benchmark Process Environment Information:
// BenchmarkDotNet v0.15.8
// Runtime=.NET 10.0.12 (10.0.12, 10.0.1226.42308), X64 RyuJIT x86-64-v3
// GC=Concurrent Workstation
// HardwareIntrinsics=AVX2+BMI1+BMI2+F16C+FMA+LZCNT+MOVBE,AVX,SSE3+SSSE3+SSE4.1+SSE4.2+POPCNT,X86Base+SSE+SSE2,AES+PCLMUL,AvxVnni,SERIALIZE VectorSize=256
// Job: Job-KRRUPJ(IterationCount=8, LaunchCount=1, WarmupCount=2)

OverheadJitting  1: 1 op, 192200.00 ns, 192.2000 us/op
WorkloadJitting  1: 1 op, 343197300.00 ns, 343.1973 ms/op

OverheadJitting  2: 1 op, 700.00 ns, 700.0000 ns/op
WorkloadJitting  2: 1 op, 251067000.00 ns, 251.0670 ms/op

WorkloadPilot    1: 2 op, 477994300.00 ns, 238.9972 ms/op
WorkloadPilot    2: 3 op, 749271300.00 ns, 249.7571 ms/op

WorkloadWarmup   1: 3 op, 724000700.00 ns, 241.3336 ms/op
WorkloadWarmup   2: 3 op, 788647400.00 ns, 262.8825 ms/op

// BeforeActualRun
WorkloadActual   1: 3 op, 985528700.00 ns, 328.5096 ms/op
WorkloadActual   2: 3 op, 1271817900.00 ns, 423.9393 ms/op
WorkloadActual   3: 3 op, 1215506100.00 ns, 405.1687 ms/op
WorkloadActual   4: 3 op, 913550100.00 ns, 304.5167 ms/op
WorkloadActual   5: 3 op, 956804000.00 ns, 318.9347 ms/op
WorkloadActual   6: 3 op, 911639700.00 ns, 303.8799 ms/op
WorkloadActual   7: 3 op, 978436700.00 ns, 326.1456 ms/op
WorkloadActual   8: 3 op, 792163600.00 ns, 264.0545 ms/op

// AfterActualRun
WorkloadResult   1: 3 op, 985528700.00 ns, 328.5096 ms/op
WorkloadResult   2: 3 op, 1215506100.00 ns, 405.1687 ms/op
WorkloadResult   3: 3 op, 913550100.00 ns, 304.5167 ms/op
WorkloadResult   4: 3 op, 956804000.00 ns, 318.9347 ms/op
WorkloadResult   5: 3 op, 911639700.00 ns, 303.8799 ms/op
WorkloadResult   6: 3 op, 978436700.00 ns, 326.1456 ms/op
WorkloadResult   7: 3 op, 792163600.00 ns, 264.0545 ms/op
// GC:  0 0 0 1344 3
// Threading:  0 0 3

// AfterAll
// Benchmark Process 48976 has exited with code 0.

Mean = 321.601 ms, StdErr = 16.166 ms (5.03%), N = 7, StdDev = 42.772 ms
Min = 264.055 ms, Q1 = 304.198 ms, Median = 318.935 ms, Q3 = 327.328 ms, Max = 405.169 ms
IQR = 23.129 ms, LowerFence = 269.504 ms, UpperFence = 362.021 ms
ConfidenceInterval = [225.270 ms; 417.933 ms] (CI 99.9%), Margin = 96.332 ms (29.95% of Mean)
Skewness = 0.7, Kurtosis = 2.56, MValue = 2

// ** Remained 0 (0.0 %) benchmark(s) to run. Estimated finish 2026-10-03 9:49 (0h 0m from now) **
Successfully reverted power plan (GUID: 381b4222-f694-41f0-9685-ff5bb260df2e FriendlyName: Balanced)
// ***** BenchmarkRunner: Finish  *****

// * Export *
  BenchmarkDotNet.Artifacts\results\HexGrid.Benchmarks.PreviewViewportBenchmarks-report.csv
  BenchmarkDotNet.Artifacts\results\HexGrid.Benchmarks.PreviewViewportBenchmarks-report-github.md
  BenchmarkDotNet.Artifacts\results\HexGrid.Benchmarks.PreviewViewportBenchmarks-report.html

// * Detailed results *
PreviewViewportBenchmarks.WholeCanvas: Job-KRRUPJ(IterationCount=8, LaunchCount=1, WarmupCount=2) [ZoomOfFit=1]
Runtime = .NET 10.0.12 (10.0.12, 10.0.1226.42308), X64 RyuJIT x86-64-v3; GC = Concurrent Workstation
Mean = 155.326 ms, StdErr = 6.681 ms (4.30%), N = 8, StdDev = 18.898 ms
Min = 136.928 ms, Q1 = 139.150 ms, Median = 148.119 ms, Q3 = 172.354 ms, Max = 182.337 ms
IQR = 33.204 ms, LowerFence = 89.345 ms, UpperFence = 222.160 ms
ConfidenceInterval = [119.193 ms; 191.458 ms] (CI 99.9%), Margin = 36.133 ms (23.26% of Mean)
Skewness = 0.38, Kurtosis = 1.15, MValue = 3.2
-------------------- Histogram --------------------
[130.240 ms ; 155.044 ms) | @@@@@
[155.044 ms ; 163.799 ms) | 
[163.799 ms ; 188.603 ms) | @@@
---------------------------------------------------

PreviewViewportBenchmarks.WholeCanvas: Job-KRRUPJ(IterationCount=8, LaunchCount=1, WarmupCount=2) [ZoomOfFit=4]
Runtime = .NET 10.0.12 (10.0.12, 10.0.1226.42308), X64 RyuJIT x86-64-v3; GC = Concurrent Workstation
Mean = 321.601 ms, StdErr = 16.166 ms (5.03%), N = 7, StdDev = 42.772 ms
Min = 264.055 ms, Q1 = 304.198 ms, Median = 318.935 ms, Q3 = 327.328 ms, Max = 405.169 ms
IQR = 23.129 ms, LowerFence = 269.504 ms, UpperFence = 362.021 ms
ConfidenceInterval = [225.270 ms; 417.933 ms] (CI 99.9%), Margin = 96.332 ms (29.95% of Mean)
Skewness = 0.7, Kurtosis = 2.56, MValue = 2
-------------------- Histogram --------------------
[234.708 ms ; 286.848 ms) | @
[286.848 ms ; 345.541 ms) | @@@@@
[345.541 ms ; 375.822 ms) | 
[375.822 ms ; 434.515 ms) | @
---------------------------------------------------

// * Summary *

BenchmarkDotNet v0.15.8, Windows 11 (10.0.26200.9457/25H2/2025Update/HudsonValley2)
12th Gen Intel Core i9-12900HX 2.30GHz, 1 CPU, 24 logical and 16 physical cores
.NET SDK 10.0.401
  [Host]     : .NET 10.0.12 (10.0.12, 10.0.1226.42308), X64 RyuJIT x86-64-v3
  Job-KRRUPJ : .NET 10.0.12 (10.0.12, 10.0.1226.42308), X64 RyuJIT x86-64-v3

IterationCount=8  LaunchCount=1  WarmupCount=2  

| Method      | ZoomOfFit | Mean     | Error    | StdDev   | Ratio | RatioSD | Allocated | Alloc Ratio |
|------------ |---------- |---------:|---------:|---------:|------:|--------:|----------:|------------:|
| WholeCanvas | 1         | 155.3 ms | 36.13 ms | 18.90 ms |  1.01 |    0.16 |     448 B |        1.00 |
|             |           |          |          |          |       |         |           |             |
| WholeCanvas | 4         | 321.6 ms | 96.33 ms | 42.77 ms |  1.01 |    0.17 |     448 B |        1.00 |

// * Hints *
Outliers
  PreviewViewportBenchmarks.WholeCanvas: IterationCount=8, LaunchCount=1, WarmupCount=2 -> 1 outlier  was  removed (423.94 ms)

// * Legends *
  ZoomOfFit   : Value of the 'ZoomOfFit' parameter
  Mean        : Arithmetic mean of all measurements
  Error       : Half of 99.9% confidence interval
  StdDev      : Standard deviation of all measurements
  Ratio       : Mean of the ratio distribution ([Current]/[Baseline])
  RatioSD     : Standard deviation of the ratio distribution ([Current]/[Baseline])
  Allocated   : Allocated memory per single operation (managed only, inclusive, 1KB = 1024B)
  Alloc Ratio : Allocated memory ratio distribution ([Current]/[Baseline])
  1 ms        : 1 Millisecond (0.001 sec)

// * Diagnostic Output - MemoryDiagnoser *


// ***** BenchmarkRunner: End *****
Run time: 00:00:22 (22.33 sec), executed benchmarks: 2

Global total time: 00:00:40 (40.67 sec), executed benchmarks: 2
// * Artifacts cleanup *
Artifacts cleanup is finished
